            perf    4507 [000]  2373.387331: sched:sched_wakeup: migration/0:18 [0] CPU:000
            perf    4507 [000]  2373.387333: sched:sched_switch: perf:4507 [120] R ==> migration/0:18 [0]
     migration/0      18 [000]  2373.387356: sched:sched_switch: migration/0:18 [0] S ==> swapper/0:0 [120]
            perf    4507 [001]  2373.387374: sched:sched_wakeup: migration/1:23 [0] CPU:001
            perf    4507 [001]  2373.387376: sched:sched_switch: perf:4507 [120] R ==> migration/1:23 [0]
     migration/1      23 [001]  2373.387391: sched:sched_switch: migration/1:23 [0] S ==> swapper/1:0 [120]
            perf    4507 [002]  2373.387407: sched:sched_wakeup: migration/2:29 [0] CPU:002
            perf    4507 [002]  2373.387408: sched:sched_switch: perf:4507 [120] R ==> migration/2:29 [0]
     migration/2      29 [002]  2373.387421: sched:sched_switch: migration/2:29 [0] S ==> swapper/2:0 [120]
         swapper       0 [000]  2373.387454: sched:sched_wakeup: perf-exec:4508 [120] CPU:000
         swapper       0 [000]  2373.387458: sched:sched_switch: swapper/0:0 [120] R ==> perf-exec:4508 [120]
            perf    4507 [003]  2373.387466: sched:sched_switch: perf:4507 [120] S ==> swapper/3:0 [120]
         swapper       0 [001]  2373.387994: sched:sched_wakeup: kworker/u16:3:2017 [120] CPU:001
         swapper       0 [001]  2373.387997: sched:sched_switch: swapper/1:0 [120] R ==> kworker/u16:3:2017 [120]
 kworker/u16:3-e    2017 [001]  2373.388008: sched:sched_switch: kworker/u16:3:2017 [120] I ==> swapper/1:0 [120]
         swapper       0 [002]  2373.388025: sched:sched_wakeup: sudo:4504 [120] CPU:002
         swapper       0 [002]  2373.388029: sched:sched_switch: swapper/2:0 [120] R ==> sudo:4504 [120]
         swapper       0 [001]  2373.388076: sched:sched_switch: swapper/1:0 [120] R ==> workload:4510 [120]
         swapper       0 [003]  2373.388080: sched:sched_wakeup: kworker/u16:3:2017 [120] CPU:003
         swapper       0 [003]  2373.388083: sched:sched_switch: swapper/3:0 [120] R ==> kworker/u16:3:2017 [120]
 kworker/u16:3-e    2017 [003]  2373.388088: sched:sched_wakeup: sshd-session:1551 [120] CPU:002
 kworker/u16:3-e    2017 [003]  2373.388091: sched:sched_switch: kworker/u16:3:2017 [120] I ==> swapper/3:0 [120]
            sudo    4504 [002]  2373.388091: sched:sched_switch: sudo:4504 [120] S ==> sshd-session:1551 [120]
         swapper       0 [003]  2373.388133: sched:sched_switch: swapper/3:0 [120] R ==> workload:4511 [120]
        workload    4508 [000]  2373.388138: sched:sched_switch: workload:4508 [120] S ==> swapper/0:0 [120]
    sshd-session    1551 [002]  2373.388184: sched:sched_switch: sshd-session:1551 [120] S ==> swapper/2:0 [120]
         swapper       0 [000]  2373.388233: sched:sched_wakeup: kworker/0:1:11 [120] CPU:000
         swapper       0 [000]  2373.388236: sched:sched_switch: swapper/0:0 [120] R ==> kworker/0:1:11 [120]
 kworker/0:1-vir      11 [000]  2373.388250: sched:sched_switch: kworker/0:1:11 [120] I ==> swapper/0:0 [120]
         swapper       0 [002]  2373.388379: sched:sched_wakeup: rcu_preempt:15 [120] CPU:002
         swapper       0 [002]  2373.388382: sched:sched_switch: swapper/2:0 [120] R ==> rcu_preempt:15 [120]
     rcu_preempt      15 [002]  2373.388384: sched:sched_switch: rcu_preempt:15 [120] I ==> swapper/2:0 [120]
         swapper       0 [002]  2373.392352: sched:sched_wakeup: rcu_preempt:15 [120] CPU:002
         swapper       0 [002]  2373.392355: sched:sched_switch: swapper/2:0 [120] R ==> rcu_preempt:15 [120]
     rcu_preempt      15 [002]  2373.392357: sched:sched_switch: rcu_preempt:15 [120] I ==> swapper/2:0 [120]
        workload    4511 [003]  2373.393351: sched:sched_wakeup: ksoftirqd/3:36 [120] CPU:003
        workload    4511 [003]  2373.393353: sched:sched_switch: workload:4511 [120] R ==> ksoftirqd/3:36 [120]
     ksoftirqd/3      36 [003]  2373.393373: sched:sched_switch: ksoftirqd/3:36 [120] S ==> workload:4511 [120]
         swapper       0 [002]  2373.396353: sched:sched_wakeup: rcu_preempt:15 [120] CPU:002
         swapper       0 [002]  2373.396356: sched:sched_switch: swapper/2:0 [120] R ==> rcu_preempt:15 [120]
     rcu_preempt      15 [002]  2373.396359: sched:sched_switch: rcu_preempt:15 [120] I ==> swapper/2:0 [120]
         swapper       0 [002]  2373.400374: sched:sched_wakeup: rcu_preempt:15 [120] CPU:002
         swapper       0 [002]  2373.400377: sched:sched_switch: swapper/2:0 [120] R ==> rcu_preempt:15 [120]
     rcu_preempt      15 [002]  2373.400378: sched:sched_switch: rcu_preempt:15 [120] I ==> swapper/2:0 [120]
        workload    4511 [003]  2373.401349: sched:sched_wakeup: ksoftirqd/3:36 [120] CPU:003
        workload    4511 [003]  2373.401350: sched:sched_switch: workload:4511 [120] R ==> ksoftirqd/3:36 [120]
     ksoftirqd/3      36 [003]  2373.401363: sched:sched_switch: ksoftirqd/3:36 [120] S ==> workload:4511 [120]
         swapper       0 [002]  2373.404376: sched:sched_wakeup: rcu_preempt:15 [120] CPU:002
         swapper       0 [002]  2373.404379: sched:sched_switch: swapper/2:0 [120] R ==> rcu_preempt:15 [120]
     rcu_preempt      15 [002]  2373.404382: sched:sched_switch: rcu_preempt:15 [120] I ==> swapper/2:0 [120]
         swapper       0 [002]  2373.408374: sched:sched_wakeup: rcu_preempt:15 [120] CPU:002
         swapper       0 [002]  2373.408377: sched:sched_switch: swapper/2:0 [120] R ==> rcu_preempt:15 [120]
     rcu_preempt      15 [002]  2373.408379: sched:sched_switch: rcu_preempt:15 [120] I ==> swapper/2:0 [120]
        workload    4511 [003]  2373.409347: sched:sched_wakeup: ksoftirqd/3:36 [120] CPU:003
        workload    4511 [003]  2373.409347: sched:sched_switch: workload:4511 [120] R ==> ksoftirqd/3:36 [120]
     ksoftirqd/3      36 [003]  2373.409353: sched:sched_switch: ksoftirqd/3:36 [120] S ==> workload:4511 [120]
         swapper       0 [002]  2373.493025: sched:sched_wakeup: containerd:1131 [120] CPU:002
         swapper       0 [002]  2373.493036: sched:sched_switch: swapper/2:0 [120] R ==> containerd:1131 [120]
         swapper       0 [000]  2373.493047: sched:sched_wakeup: containerd:1125 [120] CPU:000
         swapper       0 [000]  2373.493051: sched:sched_switch: swapper/0:0 [120] R ==> containerd:1125 [120]
      containerd    1131 [002]  2373.493063: sched:sched_wakeup: containerd:1127 [120] CPU:002
      containerd    1125 [000]  2373.493065: sched:sched_switch: containerd:1125 [120] S ==> swapper/0:0 [120]
      containerd    1131 [002]  2373.493078: sched:sched_switch: containerd:1131 [120] S ==> containerd:1127 [120]
      containerd    1127 [002]  2373.493092: sched:sched_switch: containerd:1127 [120] S ==> swapper/2:0 [120]
        workload    4510 [001]  2373.503006: sched:sched_switch: workload:4510 [120] S ==> swapper/1:0 [120]
        workload    4511 [003]  2373.503077: sched:sched_switch: workload:4511 [120] S ==> swapper/3:0 [120]
         swapper       0 [000]  2373.503556: sched:sched_wakeup: containerd:1125 [120] CPU:000
         swapper       0 [000]  2373.503560: sched:sched_switch: swapper/0:0 [120] R ==> containerd:1125 [120]
      containerd    1125 [000]  2373.503564: sched:sched_switch: containerd:1125 [120] S ==> swapper/0:0 [120]
         swapper       0 [001]  2373.608111: sched:sched_wakeup: workload:4510 [120] CPU:001
         swapper       0 [001]  2373.608117: sched:sched_switch: swapper/1:0 [120] R ==> workload:4510 [120]
         swapper       0 [003]  2373.608148: sched:sched_wakeup: workload:4511 [120] CPU:003
         swapper       0 [003]  2373.608155: sched:sched_switch: swapper/3:0 [120] R ==> workload:4511 [120]
        workload    4510 [001]  2373.677346: sched:sched_wakeup: kworker/1:0:25 [120] CPU:001
         swapper       0 [002]  2373.677379: sched:sched_wakeup: kcompactd0:49 [120] CPU:002
         swapper       0 [002]  2373.677382: sched:sched_switch: swapper/2:0 [120] R ==> kcompactd0:49 [120]
      kcompactd0      49 [002]  2373.677389: sched:sched_switch: kcompactd0:49 [120] S ==> swapper/2:0 [120]
        workload    4510 [001]  2373.678344: sched:sched_switch: workload:4510 [120] R ==> kworker/1:0:25 [120]
 kworker/1:0-eve      25 [001]  2373.678357: sched:sched_switch: kworker/1:0:25 [120] I ==> workload:4510 [120]
         swapper       0 [000]  2373.738570: sched:sched_wakeup: containerd:1125 [120] CPU:000
         swapper       0 [000]  2373.738573: sched:sched_switch: swapper/0:0 [120] R ==> containerd:1125 [120]
         swapper       0 [002]  2373.738577: sched:sched_wakeup: containerd:1131 [120] CPU:002
      containerd    1125 [000]  2373.738577: sched:sched_switch: containerd:1125 [120] S ==> swapper/0:0 [120]
         swapper       0 [002]  2373.738580: sched:sched_switch: swapper/2:0 [120] R ==> containerd:1131 [120]
      containerd    1131 [002]  2373.738596: sched:sched_switch: containerd:1131 [120] S ==> swapper/2:0 [120]
         swapper       0 [000]  2373.738603: sched:sched_wakeup: containerd:1127 [120] CPU:000
         swapper       0 [000]  2373.738606: sched:sched_switch: swapper/0:0 [120] R ==> containerd:1127 [120]
      containerd    1127 [000]  2373.738610: sched:sched_switch: containerd:1127 [120] S ==> swapper/0:0 [120]
        workload    4511 [003]  2373.741346: sched:sched_wakeup: kworker/3:2:177 [120] CPU:003
        workload    4511 [003]  2373.741348: sched:sched_switch: workload:4511 [120] R ==> kworker/3:2:177 [120]
 kworker/3:2-eve     177 [003]  2373.741352: sched:sched_switch: kworker/3:2:177 [120] I ==> workload:4511 [120]
        workload    4511 [003]  2373.741399: sched:sched_switch: workload:4511 [120] S ==> swapper/3:0 [120]
        workload    4510 [001]  2373.741594: sched:sched_switch: workload:4510 [120] S ==> swapper/1:0 [120]
         swapper       0 [000]  2373.751188: sched:sched_wakeup: containerd:1125 [120] CPU:000
         swapper       0 [000]  2373.751205: sched:sched_switch: swapper/0:0 [120] R ==> containerd:1125 [120]
      containerd    1125 [000]  2373.751211: sched:sched_switch: containerd:1125 [120] S ==> swapper/0:0 [120]
         swapper       0 [003]  2373.846505: sched:sched_wakeup: workload:4511 [120] CPU:003
         swapper       0 [003]  2373.846520: sched:sched_switch: swapper/3:0 [120] R ==> workload:4511 [120]
         swapper       0 [001]  2373.846666: sched:sched_wakeup: workload:4510 [120] CPU:001
         swapper       0 [001]  2373.846672: sched:sched_switch: swapper/1:0 [120] R ==> workload:4510 [120]
        workload    4511 [003]  2373.980790: sched:sched_switch: workload:4511 [120] S ==> swapper/3:0 [120]
        workload    4510 [001]  2373.981116: sched:sched_switch: workload:4510 [120] S ==> swapper/1:0 [120]
         swapper       0 [000]  2373.985722: sched:sched_wakeup: containerd:1125 [120] CPU:000
         swapper       0 [000]  2373.985725: sched:sched_switch: swapper/0:0 [120] R ==> containerd:1125 [120]
      containerd    1125 [000]  2373.985728: sched:sched_switch: containerd:1125 [120] S ==> swapper/0:0 [120]
         swapper       0 [002]  2373.987852: sched:sched_wakeup: containerd:1131 [120] CPU:002
         swapper       0 [002]  2373.987855: sched:sched_switch: swapper/2:0 [120] R ==> containerd:1131 [120]
      containerd    1131 [002]  2373.987867: sched:sched_switch: containerd:1131 [120] S ==> swapper/2:0 [120]
         swapper       0 [000]  2373.987877: sched:sched_wakeup: containerd:1127 [120] CPU:000
         swapper       0 [000]  2373.987881: sched:sched_switch: swapper/0:0 [120] R ==> containerd:1127 [120]
      containerd    1127 [000]  2373.987885: sched:sched_switch: containerd:1127 [120] S ==> swapper/0:0 [120]
         swapper       0 [000]  2373.997807: sched:sched_wakeup: containerd:1125 [120] CPU:000
         swapper       0 [000]  2373.997822: sched:sched_switch: swapper/0:0 [120] R ==> containerd:1125 [120]
      containerd    1125 [000]  2373.997831: sched:sched_switch: containerd:1125 [120] S ==> swapper/0:0 [120]
         swapper       0 [003]  2374.021035: sched:sched_wakeup: multipathd:398 [89] CPU:003
         swapper       0 [003]  2374.021049: sched:sched_switch: swapper/3:0 [120] R ==> multipathd:398 [89]
         swapper       0 [002]  2374.021088: sched:sched_wakeup: multipathd:381 [89] CPU:002
      multipathd     398 [003]  2374.021094: sched:sched_switch: multipathd:398 [89] S ==> swapper/3:0 [120]
         swapper       0 [002]  2374.021105: sched:sched_switch: swapper/2:0 [120] R ==> multipathd:381 [89]
      multipathd     381 [002]  2374.021118: sched:sched_switch: multipathd:381 [89] S ==> swapper/2:0 [120]
         swapper       0 [001]  2374.023398: sched:sched_wakeup: gmain:901 [120] CPU:001
         swapper       0 [000]  2374.023400: sched:sched_wakeup: gmain:853 [120] CPU:000
         swapper       0 [001]  2374.023406: sched:sched_switch: swapper/1:0 [120] R ==> gmain:901 [120]
         swapper       0 [000]  2374.023406: sched:sched_switch: swapper/0:0 [120] R ==> gmain:853 [120]
           gmain     853 [000]  2374.023457: sched:sched_switch: gmain:853 [120] S ==> swapper/0:0 [120]
           gmain     901 [001]  2374.023487: sched:sched_switch: gmain:901 [120] S ==> swapper/1:0 [120]
         swapper       0 [002]  2374.024588: sched:sched_wakeup: rcu_preempt:15 [120] CPU:002
         swapper       0 [002]  2374.024592: sched:sched_switch: swapper/2:0 [120] R ==> rcu_preempt:15 [120]
     rcu_preempt      15 [002]  2374.024595: sched:sched_switch: rcu_preempt:15 [120] I ==> swapper/2:0 [120]
         swapper       0 [002]  2374.028567: sched:sched_wakeup: rcu_preempt:15 [120] CPU:002
         swapper       0 [002]  2374.028571: sched:sched_switch: swapper/2:0 [120] R ==> rcu_preempt:15 [120]
     rcu_preempt      15 [002]  2374.028574: sched:sched_switch: rcu_preempt:15 [120] I ==> swapper/2:0 [120]
         swapper       0 [002]  2374.032576: sched:sched_wakeup: rcu_preempt:15 [120] CPU:002
         swapper       0 [002]  2374.032580: sched:sched_switch: swapper/2:0 [120] R ==> rcu_preempt:15 [120]
     rcu_preempt      15 [002]  2374.032583: sched:sched_switch: rcu_preempt:15 [120] I ==> swapper/2:0 [120]
         swapper       0 [003]  2374.085895: sched:sched_wakeup: workload:4511 [120] CPU:003
         swapper       0 [003]  2374.085903: sched:sched_switch: swapper/3:0 [120] R ==> workload:4511 [120]
         swapper       0 [001]  2374.086187: sched:sched_wakeup: workload:4510 [120] CPU:001
         swapper       0 [001]  2374.086194: sched:sched_switch: swapper/1:0 [120] R ==> workload:4510 [120]
         swapper       0 [002]  2374.181381: sched:sched_wakeup: kcompactd0:49 [120] CPU:002
         swapper       0 [002]  2374.181388: sched:sched_switch: swapper/2:0 [120] R ==> kcompactd0:49 [120]
      kcompactd0      49 [002]  2374.181391: sched:sched_switch: kcompactd0:49 [120] S ==> swapper/2:0 [120]
         swapper       0 [002]  2374.198808: sched:sched_wakeup: slirp4netns:1085 [120] CPU:002
         swapper       0 [002]  2374.198811: sched:sched_switch: swapper/2:0 [120] R ==> slirp4netns:1085 [120]
     slirp4netns    1085 [002]  2374.198824: sched:sched_switch: slirp4netns:1085 [120] S ==> swapper/2:0 [120]
        workload    4511 [003]  2374.218810: sched:sched_switch: workload:4511 [120] S ==> swapper/3:0 [120]
        workload    4510 [001]  2374.218934: sched:sched_switch: workload:4510 [120] S ==> swapper/1:0 [120]
         swapper       0 [002]  2374.237169: sched:sched_wakeup: containerd:1131 [120] CPU:002
         swapper       0 [000]  2374.237174: sched:sched_wakeup: containerd:1125 [120] CPU:000
         swapper       0 [002]  2374.237183: sched:sched_switch: swapper/2:0 [120] R ==> containerd:1131 [120]
         swapper       0 [000]  2374.237185: sched:sched_switch: swapper/0:0 [120] R ==> containerd:1125 [120]
      containerd    1125 [000]  2374.237196: sched:sched_switch: containerd:1125 [120] S ==> swapper/0:0 [120]
      containerd    1131 [002]  2374.237204: sched:sched_switch: containerd:1131 [120] S ==> swapper/2:0 [120]
         swapper       0 [001]  2374.237210: sched:sched_wakeup: containerd:1127 [120] CPU:001
         swapper       0 [001]  2374.237213: sched:sched_switch: swapper/1:0 [120] R ==> containerd:1127 [120]
      containerd    1127 [001]  2374.237230: sched:sched_switch: containerd:1127 [120] S ==> swapper/1:0 [120]
         swapper       0 [002]  2374.237240: sched:sched_wakeup: containerd:1131 [120] CPU:002
         swapper       0 [002]  2374.237244: sched:sched_switch: swapper/2:0 [120] R ==> containerd:1131 [120]
      containerd    1131 [002]  2374.237253: sched:sched_switch: containerd:1131 [120] S ==> swapper/2:0 [120]
         swapper       0 [002]  2374.244870: sched:sched_wakeup: containerd:1131 [120] CPU:002
         swapper       0 [002]  2374.244886: sched:sched_switch: swapper/2:0 [120] R ==> containerd:1131 [120]
      containerd    1131 [002]  2374.244905: sched:sched_switch: containerd:1131 [120] S ==> swapper/2:0 [120]
         swapper       0 [001]  2374.244915: sched:sched_wakeup: containerd:1127 [120] CPU:001
         swapper       0 [001]  2374.244919: sched:sched_switch: swapper/1:0 [120] R ==> containerd:1127 [120]
      containerd    1127 [001]  2374.244928: sched:sched_switch: containerd:1127 [120] S ==> swapper/1:0 [120]
         swapper       0 [002]  2374.244939: sched:sched_wakeup: containerd:1131 [120] CPU:002
         swapper       0 [002]  2374.244943: sched:sched_switch: swapper/2:0 [120] R ==> containerd:1131 [120]
      containerd    1131 [002]  2374.244950: sched:sched_switch: containerd:1131 [120] S ==> swapper/2:0 [120]
         swapper       0 [000]  2374.249808: sched:sched_wakeup: containerd:1125 [120] CPU:000
         swapper       0 [000]  2374.249821: sched:sched_switch: swapper/0:0 [120] R ==> containerd:1125 [120]
      containerd    1125 [000]  2374.249825: sched:sched_switch: containerd:1125 [120] S ==> swapper/0:0 [120]
         swapper       0 [001]  2374.264151: sched:sched_wakeup: perf:4509 [120] CPU:001
         swapper       0 [001]  2374.264166: sched:sched_switch: swapper/1:0 [120] R ==> perf:4509 [120]
            perf    4509 [001]  2374.264190: sched:sched_switch: perf:4509 [120] S ==> swapper/1:0 [120]
         swapper       0 [002]  2374.278057: sched:sched_wakeup: containerd:1131 [120] CPU:002
         swapper       0 [000]  2374.278062: sched:sched_wakeup: containerd:1125 [120] CPU:000
         swapper       0 [002]  2374.278067: sched:sched_switch: swapper/2:0 [120] R ==> containerd:1131 [120]
         swapper       0 [000]  2374.278069: sched:sched_switch: swapper/0:0 [120] R ==> containerd:1125 [120]
      containerd    1125 [000]  2374.278074: sched:sched_switch: containerd:1125 [120] S ==> swapper/0:0 [120]
      containerd    1131 [002]  2374.278086: sched:sched_switch: containerd:1131 [120] S ==> swapper/2:0 [120]
         swapper       0 [001]  2374.278089: sched:sched_wakeup: containerd:1127 [120] CPU:001
         swapper       0 [001]  2374.278094: sched:sched_switch: swapper/1:0 [120] R ==> containerd:1127 [120]
      containerd    1127 [001]  2374.278100: sched:sched_switch: containerd:1127 [120] S ==> swapper/1:0 [120]
         swapper       0 [000]  2374.290691: sched:sched_wakeup: containerd:1125 [120] CPU:000
         swapper       0 [000]  2374.290702: sched:sched_switch: swapper/0:0 [120] R ==> containerd:1125 [120]
      containerd    1125 [000]  2374.290708: sched:sched_switch: containerd:1125 [120] S ==> swapper/0:0 [120]
         swapper       0 [003]  2374.323918: sched:sched_wakeup: workload:4511 [120] CPU:003
         swapper       0 [001]  2374.323921: sched:sched_wakeup: workload:4510 [120] CPU:001
         swapper       0 [003]  2374.323929: sched:sched_switch: swapper/3:0 [120] R ==> workload:4511 [120]
         swapper       0 [001]  2374.323930: sched:sched_switch: swapper/1:0 [120] R ==> workload:4510 [120]
        workload    4510 [001]  2374.459186: sched:sched_switch: workload:4510 [120] S ==> swapper/1:0 [120]
        workload    4511 [003]  2374.459221: sched:sched_switch: workload:4511 [120] S ==> swapper/3:0 [120]
         swapper       0 [000]  2374.486515: sched:sched_wakeup: containerd:1125 [120] CPU:000
         swapper       0 [000]  2374.486526: sched:sched_switch: swapper/0:0 [120] R ==> containerd:1125 [120]
      containerd    1125 [000]  2374.486543: sched:sched_switch: containerd:1125 [120] S ==> swapper/0:0 [120]
         swapper       0 [002]  2374.487314: sched:sched_wakeup: containerd:1131 [120] CPU:002
         swapper       0 [002]  2374.487325: sched:sched_switch: swapper/2:0 [120] R ==> containerd:1131 [120]
         swapper       0 [001]  2374.487380: sched:sched_wakeup: containerd:1127 [120] CPU:001
         swapper       0 [001]  2374.487386: sched:sched_switch: swapper/1:0 [120] R ==> containerd:1127 [120]
      containerd    1131 [002]  2374.487394: sched:sched_switch: containerd:1131 [120] S ==> swapper/2:0 [120]
      containerd    1127 [001]  2374.487397: sched:sched_switch: containerd:1127 [120] S ==> swapper/1:0 [120]
         swapper       0 [000]  2374.498955: sched:sched_wakeup: containerd:1125 [120] CPU:000
         swapper       0 [000]  2374.498963: sched:sched_switch: swapper/0:0 [120] R ==> containerd:1125 [120]
      containerd    1125 [000]  2374.498969: sched:sched_switch: containerd:1125 [120] S ==> swapper/0:0 [120]
         swapper       0 [001]  2374.564278: sched:sched_wakeup: workload:4510 [120] CPU:001
         swapper       0 [001]  2374.564290: sched:sched_switch: swapper/1:0 [120] R ==> workload:4510 [120]
         swapper       0 [003]  2374.564300: sched:sched_wakeup: workload:4511 [120] CPU:003
         swapper       0 [003]  2374.564306: sched:sched_switch: swapper/3:0 [120] R ==> workload:4511 [120]
         swapper       0 [002]  2374.685387: sched:sched_wakeup: kcompactd0:49 [120] CPU:002
         swapper       0 [002]  2374.685391: sched:sched_switch: swapper/2:0 [120] R ==> kcompactd0:49 [120]
      kcompactd0      49 [002]  2374.685399: sched:sched_switch: kcompactd0:49 [120] S ==> swapper/2:0 [120]
         swapper       0 [000]  2374.685601: sched:sched_wakeup: kworker/0:1:11 [120] CPU:000
         swapper       0 [000]  2374.685612: sched:sched_switch: swapper/0:0 [120] R ==> kworker/0:1:11 [120]
         swapper       0 [002]  2374.685624: sched:sched_wakeup: kworker/u16:3:2017 [120] CPU:002
 kworker/0:1-vir      11 [000]  2374.685625: sched:sched_wakeup: kworker/1:0:25 [120] CPU:001
         swapper       0 [002]  2374.685628: sched:sched_switch: swapper/2:0 [120] R ==> kworker/u16:3:2017 [120]
        workload    4510 [001]  2374.685629: sched:sched_switch: workload:4510 [120] R ==> kworker/1:0:25 [120]
 kworker/0:1-vir      11 [000]  2374.685630: sched:sched_wakeup: kworker/2:0:1975 [120] CPU:002
 kworker/0:1-vir      11 [000]  2374.685635: sched:sched_wakeup: kworker/3:2:177 [120] CPU:003
 kworker/1:0-eve      25 [001]  2374.685635: sched:sched_switch: kworker/1:0:25 [120] I ==> workload:4510 [120]
        workload    4511 [003]  2374.685639: sched:sched_switch: workload:4511 [120] R ==> kworker/3:2:177 [120]
 kworker/0:1-vir      11 [000]  2374.685643: sched:sched_switch: kworker/0:1:11 [120] I ==> swapper/0:0 [120]
 kworker/3:2-eve     177 [003]  2374.685645: sched:sched_switch: kworker/3:2:177 [120] I ==> workload:4511 [120]
 kworker/u16:3-e    2017 [002]  2374.685744: sched:sched_switch: kworker/u16:3:2017 [120] I ==> kworker/2:0:1975 [120]
 kworker/2:0-eve    1975 [002]  2374.685749: sched:sched_switch: kworker/2:0:1975 [120] I ==> swapper/2:0 [120]
        workload    4511 [003]  2374.697597: sched:sched_switch: workload:4511 [120] S ==> swapper/3:0 [120]
        workload    4510 [001]  2374.697614: sched:sched_switch: workload:4510 [120] S ==> swapper/1:0 [120]
         swapper       0 [002]  2374.736696: sched:sched_wakeup: containerd:1131 [120] CPU:002
         swapper       0 [002]  2374.736707: sched:sched_switch: swapper/2:0 [120] R ==> containerd:1131 [120]
      containerd    1131 [002]  2374.736729: sched:sched_switch: containerd:1131 [120] S ==> swapper/2:0 [120]
         swapper       0 [001]  2374.736737: sched:sched_wakeup: containerd:1127 [120] CPU:001
         swapper       0 [001]  2374.736742: sched:sched_switch: swapper/1:0 [120] R ==> containerd:1127 [120]
      containerd    1127 [001]  2374.736748: sched:sched_switch: containerd:1127 [120] S ==> swapper/1:0 [120]
         swapper       0 [000]  2374.737445: sched:sched_wakeup: containerd:1125 [120] CPU:000
         swapper       0 [000]  2374.737449: sched:sched_switch: swapper/0:0 [120] R ==> containerd:1125 [120]
      containerd    1125 [000]  2374.737454: sched:sched_switch: containerd:1125 [120] S ==> swapper/0:0 [120]
         swapper       0 [000]  2374.750073: sched:sched_wakeup: containerd:1125 [120] CPU:000
         swapper       0 [000]  2374.750088: sched:sched_switch: swapper/0:0 [120] R ==> containerd:1125 [120]
      containerd    1125 [000]  2374.750093: sched:sched_switch: containerd:1125 [120] S ==> swapper/0:0 [120]
         swapper       0 [003]  2374.802703: sched:sched_wakeup: workload:4511 [120] CPU:003
         swapper       0 [001]  2374.802709: sched:sched_wakeup: workload:4510 [120] CPU:001
         swapper       0 [003]  2374.802714: sched:sched_switch: swapper/3:0 [120] R ==> workload:4511 [120]
         swapper       0 [001]  2374.802716: sched:sched_switch: swapper/1:0 [120] R ==> workload:4510 [120]
        workload    4511 [003]  2374.936877: sched:sched_switch: workload:4511 [120] S ==> swapper/3:0 [120]
        workload    4510 [001]  2374.936885: sched:sched_switch: workload:4510 [120] S ==> swapper/1:0 [120]
         swapper       0 [002]  2374.962422: sched:sched_wakeup: kworker/2:0:1975 [120] CPU:002
         swapper       0 [002]  2374.962428: sched:sched_switch: swapper/2:0 [120] R ==> kworker/2:0:1975 [120]
 kworker/2:0-eve    1975 [002]  2374.962433: sched:sched_switch: kworker/2:0:1975 [120] I ==> swapper/2:0 [120]
         swapper       0 [002]  2374.985662: sched:sched_wakeup: containerd:1131 [120] CPU:002
         swapper       0 [002]  2374.985674: sched:sched_switch: swapper/2:0 [120] R ==> containerd:1131 [120]
      containerd    1131 [002]  2374.985691: sched:sched_switch: containerd:1131 [120] S ==> swapper/2:0 [120]
         swapper       0 [001]  2374.985703: sched:sched_wakeup: containerd:1127 [120] CPU:001
         swapper       0 [001]  2374.985708: sched:sched_switch: swapper/1:0 [120] R ==> containerd:1127 [120]
      containerd    1127 [001]  2374.985714: sched:sched_switch: containerd:1127 [120] S ==> swapper/1:0 [120]
         swapper       0 [000]  2374.986631: sched:sched_wakeup: containerd:1125 [120] CPU:000
         swapper       0 [000]  2374.986636: sched:sched_switch: swapper/0:0 [120] R ==> containerd:1125 [120]
      containerd    1125 [000]  2374.986641: sched:sched_switch: containerd:1125 [120] S ==> swapper/0:0 [120]
         swapper       0 [000]  2374.999245: sched:sched_wakeup: containerd:1125 [120] CPU:000
         swapper       0 [000]  2374.999256: sched:sched_switch: swapper/0:0 [120] R ==> containerd:1125 [120]
      containerd    1125 [000]  2374.999272: sched:sched_switch: containerd:1125 [120] S ==> swapper/0:0 [120]
         swapper       0 [003]  2375.026120: sched:sched_wakeup: multipathd:398 [89] CPU:003
         swapper       0 [003]  2375.026128: sched:sched_switch: swapper/3:0 [120] R ==> multipathd:398 [89]
         swapper       0 [001]  2375.026132: sched:sched_wakeup: kworker/1:0:25 [120] CPU:001
         swapper       0 [001]  2375.026143: sched:sched_switch: swapper/1:0 [120] R ==> kworker/1:0:25 [120]
 kworker/1:0-eve      25 [001]  2375.026153: sched:sched_switch: kworker/1:0:25 [120] I ==> swapper/1:0 [120]
         swapper       0 [002]  2375.026175: sched:sched_wakeup: multipathd:381 [89] CPU:002
      multipathd     398 [003]  2375.026178: sched:sched_switch: multipathd:398 [89] S ==> swapper/3:0 [120]
         swapper       0 [002]  2375.026208: sched:sched_switch: swapper/2:0 [120] R ==> multipathd:381 [89]
      multipathd     381 [002]  2375.026217: sched:sched_switch: multipathd:381 [89] S ==> swapper/2:0 [120]
         swapper       0 [000]  2375.026233: sched:sched_wakeup: kworker/0:1:11 [120] CPU:000
         swapper       0 [000]  2375.026238: sched:sched_switch: swapper/0:0 [120] R ==> kworker/0:1:11 [120]
 kworker/0:1-vir      11 [000]  2375.026244: sched:sched_switch: kworker/0:1:11 [120] I ==> swapper/0:0 [120]
         swapper       0 [003]  2375.026410: sched:sched_wakeup: kworker/3:2:177 [120] CPU:003
         swapper       0 [003]  2375.026415: sched:sched_switch: swapper/3:0 [120] R ==> kworker/3:2:177 [120]
 kworker/3:2-eve     177 [003]  2375.026420: sched:sched_switch: kworker/3:2:177 [120] I ==> swapper/3:0 [120]
         swapper       0 [003]  2375.039608: sched:sched_wakeup: workload:4511 [120] CPU:003
         swapper       0 [003]  2375.039614: sched:sched_switch: swapper/3:0 [120] R ==> workload:4511 [120]
         swapper       0 [001]  2375.039650: sched:sched_wakeup: workload:4510 [120] CPU:001
         swapper       0 [001]  2375.039657: sched:sched_switch: swapper/1:0 [120] R ==> workload:4510 [120]
        workload    4511 [003]  2375.149353: sched:sched_wakeup: kworker/3:2:177 [120] CPU:003
        workload    4511 [003]  2375.150353: sched:sched_switch: workload:4511 [120] R ==> kworker/3:2:177 [120]
 kworker/3:2-eve     177 [003]  2375.150357: sched:sched_switch: kworker/3:2:177 [120] I ==> workload:4511 [120]
        workload    4510 [001]  2375.172914: sched:sched_switch: workload:4510 [120] S ==> swapper/1:0 [120]
        workload    4511 [003]  2375.173196: sched:sched_switch: workload:4511 [120] S ==> swapper/3:0 [120]
         swapper       0 [002]  2375.193472: sched:sched_wakeup: kcompactd0:49 [120] CPU:002
         swapper       0 [002]  2375.193475: sched:sched_switch: swapper/2:0 [120] R ==> kcompactd0:49 [120]
      kcompactd0      49 [002]  2375.193480: sched:sched_switch: kcompactd0:49 [120] S ==> swapper/2:0 [120]
         swapper       0 [002]  2375.201470: sched:sched_wakeup: slirp4netns:1085 [120] CPU:002
         swapper       0 [002]  2375.201486: sched:sched_switch: swapper/2:0 [120] R ==> slirp4netns:1085 [120]
     slirp4netns    1085 [002]  2375.201511: sched:sched_switch: slirp4netns:1085 [120] S ==> swapper/2:0 [120]
         swapper       0 [002]  2375.216373: sched:sched_wakeup: kworker/2:0:1975 [120] CPU:002
         swapper       0 [002]  2375.216381: sched:sched_switch: swapper/2:0 [120] R ==> kworker/2:0:1975 [120]
 kworker/2:0-eve    1975 [002]  2375.216385: sched:sched_switch: kworker/2:0:1975 [120] I ==> swapper/2:0 [120]
         swapper       0 [002]  2375.233378: sched:sched_wakeup: containerd:1131 [120] CPU:002
         swapper       0 [002]  2375.233392: sched:sched_switch: swapper/2:0 [120] R ==> containerd:1131 [120]
         swapper       0 [001]  2375.233443: sched:sched_wakeup: containerd:1127 [120] CPU:001
      containerd    1131 [002]  2375.233443: sched:sched_switch: containerd:1131 [120] S ==> swapper/2:0 [120]
         swapper       0 [001]  2375.233448: sched:sched_switch: swapper/1:0 [120] R ==> containerd:1127 [120]
      containerd    1127 [001]  2375.233468: sched:sched_switch: containerd:1127 [120] S ==> swapper/1:0 [120]
         swapper       0 [002]  2375.233482: sched:sched_wakeup: containerd:1131 [120] CPU:002
         swapper       0 [002]  2375.233487: sched:sched_switch: swapper/2:0 [120] R ==> containerd:1131 [120]
      containerd    1131 [002]  2375.233499: sched:sched_switch: containerd:1131 [120] S ==> swapper/2:0 [120]
         swapper       0 [000]  2375.235759: sched:sched_wakeup: containerd:1125 [120] CPU:000
         swapper       0 [000]  2375.235764: sched:sched_switch: swapper/0:0 [120] R ==> containerd:1125 [120]
      containerd    1125 [000]  2375.235772: sched:sched_switch: containerd:1125 [120] S ==> swapper/0:0 [120]
         swapper       0 [002]  2375.245094: sched:sched_wakeup: containerd:1131 [120] CPU:002
         swapper       0 [002]  2375.245099: sched:sched_switch: swapper/2:0 [120] R ==> containerd:1131 [120]
      containerd    1131 [002]  2375.245122: sched:sched_switch: containerd:1131 [120] S ==> swapper/2:0 [120]
         swapper       0 [001]  2375.245134: sched:sched_wakeup: containerd:1127 [120] CPU:001
         swapper       0 [001]  2375.245139: sched:sched_switch: swapper/1:0 [120] R ==> containerd:1127 [120]
      containerd    1127 [001]  2375.245153: sched:sched_switch: containerd:1127 [120] S ==> swapper/1:0 [120]
         swapper       0 [002]  2375.245169: sched:sched_wakeup: containerd:1131 [120] CPU:002
         swapper       0 [002]  2375.245175: sched:sched_switch: swapper/2:0 [120] R ==> containerd:1131 [120]
      containerd    1131 [002]  2375.245183: sched:sched_switch: containerd:1131 [120] S ==> swapper/2:0 [120]
         swapper       0 [000]  2375.248349: sched:sched_wakeup: containerd:1125 [120] CPU:000
         swapper       0 [000]  2375.248355: sched:sched_switch: swapper/0:0 [120] R ==> containerd:1125 [120]
      containerd    1125 [000]  2375.248361: sched:sched_switch: containerd:1125 [120] S ==> swapper/0:0 [120]
         swapper       0 [001]  2375.270247: sched:sched_wakeup: perf:4509 [120] CPU:001
         swapper       0 [001]  2375.270259: sched:sched_switch: swapper/1:0 [120] R ==> perf:4509 [120]
            perf    4509 [001]  2375.270286: sched:sched_switch: perf:4509 [120] S ==> swapper/1:0 [120]
         swapper       0 [001]  2375.273688: sched:sched_wakeup: workload:4510 [120] CPU:001
         swapper       0 [003]  2375.273691: sched:sched_wakeup: workload:4511 [120] CPU:003
         swapper       0 [001]  2375.273695: sched:sched_switch: swapper/1:0 [120] R ==> workload:4510 [120]
         swapper       0 [003]  2375.273697: sched:sched_switch: swapper/3:0 [120] R ==> workload:4511 [120]
         swapper       0 [000]  2375.274394: sched:sched_wakeup: containerd:1125 [120] CPU:000
         swapper       0 [000]  2375.274401: sched:sched_switch: swapper/0:0 [120] R ==> containerd:1125 [120]
      containerd    1125 [000]  2375.274407: sched:sched_switch: containerd:1125 [120] S ==> swapper/0:0 [120]
        workload    4511 [003]  2375.277358: sched:sched_wakeup: kworker/3:2:177 [120] CPU:003
        workload    4511 [003]  2375.277360: sched:sched_switch: workload:4511 [120] R ==> kworker/3:2:177 [120]
 kworker/3:2-eve     177 [003]  2375.277365: sched:sched_switch: kworker/3:2:177 [120] I ==> workload:4511 [120]
         swapper       0 [002]  2375.278260: sched:sched_wakeup: containerd:1131 [120] CPU:002
         swapper       0 [002]  2375.278269: sched:sched_switch: swapper/2:0 [120] R ==> containerd:1131 [120]
      containerd    1131 [002]  2375.278299: sched:sched_switch: containerd:1131 [120] S ==> swapper/2:0 [120]
         swapper       0 [000]  2375.278314: sched:sched_wakeup: containerd:1127 [120] CPU:000
         swapper       0 [000]  2375.278321: sched:sched_switch: swapper/0:0 [120] R ==> containerd:1127 [120]
      containerd    1127 [000]  2375.278329: sched:sched_switch: containerd:1127 [120] S ==> swapper/0:0 [120]
         swapper       0 [000]  2375.284742: sched:sched_wakeup: containerd:1125 [120] CPU:000
         swapper       0 [000]  2375.284747: sched:sched_switch: swapper/0:0 [120] R ==> containerd:1125 [120]
      containerd    1125 [000]  2375.284753: sched:sched_switch: containerd:1125 [120] S ==> swapper/0:0 [120]
        workload    4510 [001]  2375.405948: sched:sched_switch: workload:4510 [120] S ==> swapper/1:0 [120]
        workload    4511 [003]  2375.405975: sched:sched_switch: workload:4511 [120] S ==> swapper/3:0 [120]
         swapper       0 [000]  2375.483543: sched:sched_wakeup: containerd:1125 [120] CPU:000
         swapper       0 [002]  2375.483549: sched:sched_wakeup: containerd:1131 [120] CPU:002
         swapper       0 [000]  2375.483556: sched:sched_switch: swapper/0:0 [120] R ==> containerd:1125 [120]
         swapper       0 [002]  2375.483558: sched:sched_switch: swapper/2:0 [120] R ==> containerd:1131 [120]
      containerd    1125 [000]  2375.483561: sched:sched_switch: containerd:1125 [120] S ==> swapper/0:0 [120]
         swapper       0 [000]  2375.483574: sched:sched_wakeup: containerd:1127 [120] CPU:000
      containerd    1131 [002]  2375.483576: sched:sched_switch: containerd:1131 [120] S ==> swapper/2:0 [120]
         swapper       0 [000]  2375.483577: sched:sched_switch: swapper/0:0 [120] R ==> containerd:1127 [120]
      containerd    1127 [000]  2375.483582: sched:sched_switch: containerd:1127 [120] S ==> swapper/0:0 [120]
         swapper       0 [000]  2375.496173: sched:sched_wakeup: containerd:1125 [120] CPU:000
         swapper       0 [000]  2375.496185: sched:sched_switch: swapper/0:0 [120] R ==> containerd:1125 [120]
      containerd    1125 [000]  2375.496190: sched:sched_switch: containerd:1125 [120] S ==> swapper/0:0 [120]
         swapper       0 [000]  2375.502702: sched:sched_wakeup: kworker/0:1:11 [120] CPU:000
         swapper       0 [000]  2375.502712: sched:sched_switch: swapper/0:0 [120] R ==> kworker/0:1:11 [120]
 kworker/0:1-vir      11 [000]  2375.502716: sched:sched_switch: kworker/0:1:11 [120] I ==> swapper/0:0 [120]
         swapper       0 [003]  2375.506408: sched:sched_wakeup: workload:4511 [120] CPU:003
         swapper       0 [003]  2375.506418: sched:sched_switch: swapper/3:0 [120] R ==> workload:4511 [120]
         swapper       0 [001]  2375.511017: sched:sched_wakeup: workload:4510 [120] CPU:001
         swapper       0 [001]  2375.511023: sched:sched_switch: swapper/1:0 [120] R ==> workload:4510 [120]
        workload    4511 [003]  2375.638312: sched:sched_switch: workload:4511 [120] S ==> swapper/3:0 [120]
        workload    4510 [001]  2375.640409: sched:sched_switch: workload:4510 [120] S ==> swapper/1:0 [120]
         swapper       0 [001]  2375.666416: sched:sched_wakeup: kworker/1:0:25 [120] CPU:001
         swapper       0 [000]  2375.666425: sched:sched_wakeup: kworker/0:1H:66 [100] CPU:000
         swapper       0 [001]  2375.666433: sched:sched_switch: swapper/1:0 [120] R ==> kworker/1:0:25 [120]
         swapper       0 [000]  2375.666435: sched:sched_switch: swapper/0:0 [120] R ==> kworker/0:1H:66 [100]
 kworker/1:0-eve      25 [001]  2375.666437: sched:sched_switch: kworker/1:0:25 [120] I ==> swapper/1:0 [120]
 kworker/0:1H-kb      66 [000]  2375.666449: sched:sched_switch: kworker/0:1H:66 [100] I ==> swapper/0:0 [120]
         swapper       0 [002]  2375.706440: sched:sched_wakeup: kcompactd0:49 [120] CPU:002
         swapper       0 [002]  2375.706444: sched:sched_switch: swapper/2:0 [120] R ==> kcompactd0:49 [120]
      kcompactd0      49 [002]  2375.706447: sched:sched_switch: kcompactd0:49 [120] S ==> swapper/2:0 [120]
         swapper       0 [002]  2375.730135: sched:sched_wakeup: containerd:1131 [120] CPU:002
         swapper       0 [000]  2375.730144: sched:sched_wakeup: containerd:1125 [120] CPU:000
         swapper       0 [002]  2375.730148: sched:sched_wakeup: kworker/2:0:1975 [120] CPU:002
         swapper       0 [000]  2375.730153: sched:sched_wakeup: kworker/0:1:11 [120] CPU:000
         swapper       0 [002]  2375.730155: sched:sched_switch: swapper/2:0 [120] R ==> kworker/2:0:1975 [120]
         swapper       0 [000]  2375.730158: sched:sched_switch: swapper/0:0 [120] R ==> kworker/0:1:11 [120]
 kworker/2:0-eve    1975 [002]  2375.730163: sched:sched_switch: kworker/2:0:1975 [120] I ==> containerd:1131 [120]
 kworker/0:1-vir      11 [000]  2375.730167: sched:sched_switch: kworker/0:1:11 [120] I ==> containerd:1125 [120]
      containerd    1125 [000]  2375.730175: sched:sched_switch: containerd:1125 [120] S ==> swapper/0:0 [120]
      containerd    1131 [002]  2375.730188: sched:sched_switch: containerd:1131 [120] S ==> swapper/2:0 [120]
         swapper       0 [001]  2375.730196: sched:sched_wakeup: containerd:1127 [120] CPU:001
         swapper       0 [001]  2375.730202: sched:sched_switch: swapper/1:0 [120] R ==> containerd:1127 [120]
      containerd    1127 [001]  2375.730209: sched:sched_switch: containerd:1127 [120] S ==> swapper/1:0 [120]
         swapper       0 [000]  2375.742791: sched:sched_wakeup: containerd:1125 [120] CPU:000
         swapper       0 [001]  2375.742794: sched:sched_wakeup: workload:4510 [120] CPU:001
         swapper       0 [000]  2375.742800: sched:sched_switch: swapper/0:0 [120] R ==> containerd:1125 [120]
         swapper       0 [001]  2375.742802: sched:sched_switch: swapper/1:0 [120] R ==> workload:4510 [120]
      containerd    1125 [000]  2375.742807: sched:sched_switch: containerd:1125 [120] S ==> swapper/0:0 [120]
        workload    4510 [001]  2375.743371: sched:sched_wakeup: kworker/1:0:25 [120] CPU:001
         swapper       0 [003]  2375.743389: sched:sched_wakeup: workload:4511 [120] CPU:003
         swapper       0 [003]  2375.743396: sched:sched_switch: swapper/3:0 [120] R ==> workload:4511 [120]
        workload    4511 [003]  2375.744365: sched:sched_wakeup: kworker/3:2:177 [120] CPU:003
        workload    4510 [001]  2375.744366: sched:sched_switch: workload:4510 [120] R ==> kworker/1:0:25 [120]
        workload    4511 [003]  2375.744368: sched:sched_switch: workload:4511 [120] R ==> kworker/3:2:177 [120]
 kworker/1:0-eve      25 [001]  2375.744369: sched:sched_switch: kworker/1:0:25 [120] I ==> workload:4510 [120]
 kworker/3:2-eve     177 [003]  2375.744373: sched:sched_switch: kworker/3:2:177 [120] I ==> workload:4511 [120]
         swapper       0 [000]  2375.808734: sched:sched_wakeup: systemd-network:709 [120] CPU:000
         swapper       0 [000]  2375.808762: sched:sched_switch: swapper/0:0 [120] R ==> systemd-network:709 [120]
         swapper       0 [002]  2375.808779: sched:sched_wakeup: systemd-resolve:385 [120] CPU:002
         swapper       0 [002]  2375.808812: sched:sched_wakeup: systemd-udevd:390 [120] CPU:002
         swapper       0 [002]  2375.808821: sched:sched_switch: swapper/2:0 [120] R ==> systemd-resolve:385 [120]
 systemd-network     709 [000]  2375.809078: sched:sched_wakeup: systemd:1 [120] CPU:000
 systemd-network     709 [000]  2375.809214: sched:sched_switch: systemd-network:709 [120] S ==> systemd:1 [120]
 systemd-resolve     385 [002]  2375.809232: sched:sched_switch: systemd-resolve:385 [120] S ==> systemd-udevd:390 [120]
         systemd       1 [000]  2375.809363: sched:sched_wakeup: rcu_preempt:15 [120] CPU:000
   systemd-udevd     390 [002]  2375.809476: sched:sched_switch: systemd-udevd:390 [120] S ==> swapper/2:0 [120]
         systemd       1 [000]  2375.809557: sched:sched_switch: systemd:1 [120] S ==> rcu_preempt:15 [120]
     rcu_preempt      15 [000]  2375.809563: sched:sched_switch: rcu_preempt:15 [120] I ==> swapper/0:0 [120]
         swapper       0 [000]  2375.813563: sched:sched_wakeup: rcu_preempt:15 [120] CPU:000
         swapper       0 [000]  2375.813564: sched:sched_switch: swapper/0:0 [120] R ==> rcu_preempt:15 [120]
     rcu_preempt      15 [000]  2375.813567: sched:sched_switch: rcu_preempt:15 [120] I ==> swapper/0:0 [120]
         swapper       0 [000]  2375.817391: sched:sched_wakeup: rcu_preempt:15 [120] CPU:000
         swapper       0 [000]  2375.817397: sched:sched_switch: swapper/0:0 [120] R ==> rcu_preempt:15 [120]
     rcu_preempt      15 [000]  2375.817399: sched:sched_switch: rcu_preempt:15 [120] I ==> swapper/0:0 [120]
        workload    4510 [001]  2375.876046: sched:sched_switch: workload:4510 [120] S ==> swapper/1:0 [120]
        workload    4511 [003]  2375.876345: sched:sched_switch: workload:4511 [120] S ==> swapper/3:0 [120]
         swapper       0 [001]  2375.926021: sched:sched_wakeup: lima-guestagent:842 [120] CPU:001
         swapper       0 [001]  2375.926069: sched:sched_switch: swapper/1:0 [120] R ==> lima-guestagent:842 [120]
         swapper       0 [003]  2375.926101: sched:sched_wakeup: lima-guestagent:845 [120] CPU:003
         swapper       0 [003]  2375.926119: sched:sched_switch: swapper/3:0 [120] R ==> lima-guestagent:845 [120]
 lima-guestagent     842 [001]  2375.926181: sched:sched_switch: lima-guestagent:842 [120] S ==> swapper/1:0 [120]
         swapper       0 [000]  2375.926285: sched:sched_wakeup: lima-guestagent:898 [120] CPU:000
         swapper       0 [000]  2375.926292: sched:sched_switch: swapper/0:0 [120] R ==> lima-guestagent:898 [120]
         swapper       0 [002]  2375.926332: sched:sched_wakeup: lima-guestagent:1653 [120] CPU:002
         swapper       0 [002]  2375.926340: sched:sched_switch: swapper/2:0 [120] R ==> lima-guestagent:1653 [120]
 lima-guestagent    1653 [002]  2375.926368: sched:sched_wakeup: lima-guestagent:844 [120] CPU:002
         swapper       0 [001]  2375.926402: sched:sched_switch: swapper/1:0 [120] R ==> lima-guestagent:844 [120]
 lima-guestagent     844 [001]  2375.926426: sched:sched_switch: lima-guestagent:844 [120] S ==> swapper/1:0 [120]
 lima-guestagent     845 [003]  2375.926428: sched:sched_switch: lima-guestagent:845 [120] S ==> swapper/3:0 [120]
 lima-guestagent    1653 [002]  2375.926496: sched:sched_switch: lima-guestagent:1653 [120] D ==> swapper/2:0 [120]
         swapper       0 [003]  2375.926508: sched:sched_wakeup: kworker/u16:3:2017 [120] CPU:003
         swapper       0 [001]  2375.926513: sched:sched_wakeup: lima-guestagent:845 [120] CPU:001
         swapper       0 [003]  2375.926514: sched:sched_switch: swapper/3:0 [120] R ==> kworker/u16:3:2017 [120]
         swapper       0 [001]  2375.926520: sched:sched_switch: swapper/1:0 [120] R ==> lima-guestagent:845 [120]
 lima-guestagent     845 [001]  2375.926544: sched:sched_switch: lima-guestagent:845 [120] S ==> swapper/1:0 [120]
         swapper       0 [002]  2375.926552: sched:sched_wakeup: lima-guestagent:894 [120] CPU:002
         swapper       0 [002]  2375.926561: sched:sched_switch: swapper/2:0 [120] R ==> lima-guestagent:894 [120]
 kworker/u16:3-e    2017 [003]  2375.926563: sched:sched_switch: kworker/u16:3:2017 [120] I ==> swapper/3:0 [120]
         swapper       0 [001]  2375.926577: sched:sched_wakeup: lima-guestagent:1653 [120] CPU:001
 lima-guestagent     894 [002]  2375.926580: sched:sched_switch: lima-guestagent:894 [120] S ==> swapper/2:0 [120]
         swapper       0 [001]  2375.926583: sched:sched_switch: swapper/1:0 [120] R ==> lima-guestagent:1653 [120]
 lima-guestagent    1653 [001]  2375.926641: sched:sched_switch: lima-guestagent:1653 [120] S ==> swapper/1:0 [120]
         swapper       0 [001]  2375.927307: sched:sched_wakeup: lima-guestagent:844 [120] CPU:001
         swapper       0 [001]  2375.927313: sched:sched_switch: swapper/1:0 [120] R ==> lima-guestagent:844 [120]
         swapper       0 [002]  2375.927314: sched:sched_wakeup: lima-guestagent:1653 [120] CPU:002
         swapper       0 [002]  2375.927319: sched:sched_switch: swapper/2:0 [120] R ==> lima-guestagent:1653 [120]
 lima-guestagent     844 [001]  2375.927325: sched:sched_switch: lima-guestagent:844 [120] S ==> swapper/1:0 [120]
 lima-guestagent    1653 [002]  2375.927326: sched:sched_switch: lima-guestagent:1653 [120] S ==> swapper/2:0 [120]
         swapper       0 [002]  2375.927337: sched:sched_wakeup: lima-guestagent:1653 [120] CPU:002
         swapper       0 [002]  2375.927343: sched:sched_switch: swapper/2:0 [120] R ==> lima-guestagent:1653 [120]
 lima-guestagent    1653 [002]  2375.927349: sched:sched_switch: lima-guestagent:1653 [120] S ==> swapper/2:0 [120]
         swapper       0 [001]  2375.927362: sched:sched_wakeup: lima-guestagent:844 [120] CPU:001
         swapper       0 [001]  2375.927366: sched:sched_switch: swapper/1:0 [120] R ==> lima-guestagent:844 [120]
 lima-guestagent     844 [001]  2375.927375: sched:sched_switch: lima-guestagent:844 [120] S ==> swapper/1:0 [120]
         swapper       0 [002]  2375.927416: sched:sched_wakeup: lima-guestagent:1653 [120] CPU:002
         swapper       0 [002]  2375.927420: sched:sched_switch: swapper/2:0 [120] R ==> lima-guestagent:1653 [120]
 lima-guestagent    1653 [002]  2375.927428: sched:sched_switch: lima-guestagent:1653 [120] S ==> swapper/2:0 [120]
         swapper       0 [001]  2375.927448: sched:sched_wakeup: lima-guestagent:844 [120] CPU:001
         swapper       0 [001]  2375.927451: sched:sched_switch: swapper/1:0 [120] R ==> lima-guestagent:844 [120]
 lima-guestagent     844 [001]  2375.927467: sched:sched_switch: lima-guestagent:844 [120] S ==> swapper/1:0 [120]
         swapper       0 [002]  2375.927474: sched:sched_wakeup: lima-guestagent:894 [120] CPU:002
         swapper       0 [002]  2375.927478: sched:sched_switch: swapper/2:0 [120] R ==> lima-guestagent:894 [120]
 lima-guestagent     894 [002]  2375.927483: sched:sched_switch: lima-guestagent:894 [120] S ==> swapper/2:0 [120]
         swapper       0 [002]  2375.927969: sched:sched_wakeup: lima-guestagent:1653 [120] CPU:002
         swapper       0 [002]  2375.927974: sched:sched_switch: swapper/2:0 [120] R ==> lima-guestagent:1653 [120]
         swapper       0 [001]  2375.927977: sched:sched_wakeup: lima-guestagent:894 [120] CPU:001
 lima-guestagent    1653 [002]  2375.927981: sched:sched_switch: lima-guestagent:1653 [120] S ==> swapper/2:0 [120]
         swapper       0 [001]  2375.927981: sched:sched_switch: swapper/1:0 [120] R ==> lima-guestagent:894 [120]
 lima-guestagent     898 [000]  2375.927989: sched:sched_switch: lima-guestagent:898 [120] S ==> swapper/0:0 [120]
         swapper       0 [002]  2375.928006: sched:sched_wakeup: lima-guestagent:844 [120] CPU:002
         swapper       0 [002]  2375.928011: sched:sched_switch: swapper/2:0 [120] R ==> lima-guestagent:844 [120]
 lima-guestagent     844 [002]  2375.928018: sched:sched_switch: lima-guestagent:844 [120] S ==> swapper/2:0 [120]
         swapper       0 [002]  2375.928093: sched:sched_wakeup: lima-guestagent:1653 [120] CPU:002
         swapper       0 [002]  2375.928106: sched:sched_switch: swapper/2:0 [120] R ==> lima-guestagent:1653 [120]
 lima-guestagent    1653 [002]  2375.928113: sched:sched_switch: lima-guestagent:1653 [120] S ==> swapper/2:0 [120]
         swapper       0 [003]  2375.928119: sched:sched_wakeup: lima-guestagent:844 [120] CPU:003
         swapper       0 [003]  2375.928123: sched:sched_switch: swapper/3:0 [120] R ==> lima-guestagent:844 [120]
 lima-guestagent     844 [003]  2375.928128: sched:sched_switch: lima-guestagent:844 [120] S ==> swapper/3:0 [120]
         swapper       0 [003]  2375.928164: sched:sched_wakeup: lima-guestagent:844 [120] CPU:003
         swapper       0 [003]  2375.928168: sched:sched_switch: swapper/3:0 [120] R ==> lima-guestagent:844 [120]
 lima-guestagent     894 [001]  2375.928178: sched:sched_switch: lima-guestagent:894 [120] S ==> swapper/1:0 [120]
         swapper       0 [002]  2375.928188: sched:sched_wakeup: lima-guestagent:1653 [120] CPU:002
         swapper       0 [002]  2375.928192: sched:sched_switch: swapper/2:0 [120] R ==> lima-guestagent:1653 [120]
         swapper       0 [000]  2375.928192: sched:sched_wakeup: lima-guestagent:898 [120] CPU:000
         swapper       0 [000]  2375.928197: sched:sched_switch: swapper/0:0 [120] R ==> lima-guestagent:898 [120]
 lima-guestagent    1653 [002]  2375.928199: sched:sched_switch: lima-guestagent:1653 [120] S ==> swapper/2:0 [120]
 lima-guestagent     898 [000]  2375.928202: sched:sched_switch: lima-guestagent:898 [120] S ==> swapper/0:0 [120]
         swapper       0 [000]  2375.928228: sched:sched_wakeup: lima-guestagent:898 [120] CPU:000
         swapper       0 [000]  2375.928234: sched:sched_switch: swapper/0:0 [120] R ==> lima-guestagent:898 [120]
 lima-guestagent     898 [000]  2375.928243: sched:sched_switch: lima-guestagent:898 [120] S ==> swapper/0:0 [120]
 lima-guestagent     844 [003]  2375.928550: sched:sched_switch: lima-guestagent:844 [120] S ==> swapper/3:0 [120]
         swapper       0 [001]  2375.938294: sched:sched_wakeup: lima-guestagent:842 [120] CPU:001
         swapper       0 [001]  2375.938307: sched:sched_switch: swapper/1:0 [120] R ==> lima-guestagent:842 [120]
 lima-guestagent     842 [001]  2375.938313: sched:sched_switch: lima-guestagent:842 [120] S ==> swapper/1:0 [120]
         swapper       0 [002]  2375.979487: sched:sched_wakeup: containerd:1131 [120] CPU:002
         swapper       0 [000]  2375.979491: sched:sched_wakeup: containerd:1125 [120] CPU:000
         swapper       0 [002]  2375.979502: sched:sched_switch: swapper/2:0 [120] R ==> containerd:1131 [120]
         swapper       0 [000]  2375.979504: sched:sched_switch: swapper/0:0 [120] R ==> containerd:1125 [120]
      containerd    1125 [000]  2375.979512: sched:sched_switch: containerd:1125 [120] S ==> swapper/0:0 [120]
      containerd    1131 [002]  2375.979531: sched:sched_switch: containerd:1131 [120] S ==> swapper/2:0 [120]
         swapper       0 [001]  2375.979538: sched:sched_wakeup: containerd:1127 [120] CPU:001
         swapper       0 [001]  2375.979555: sched:sched_switch: swapper/1:0 [120] R ==> containerd:1127 [120]
      containerd    1127 [001]  2375.979563: sched:sched_switch: containerd:1127 [120] S ==> swapper/1:0 [120]
         swapper       0 [000]  2375.979574: sched:sched_wakeup: workload:4510 [120] CPU:000
         swapper       0 [000]  2375.979579: sched:sched_switch: swapper/0:0 [120] R ==> workload:4510 [120]
         swapper       0 [003]  2375.981414: sched:sched_wakeup: workload:4511 [120] CPU:003
         swapper       0 [003]  2375.981420: sched:sched_switch: swapper/3:0 [120] R ==> workload:4511 [120]
         swapper       0 [002]  2375.989589: sched:sched_wakeup: containerd:1125 [120] CPU:002
         swapper       0 [002]  2375.989595: sched:sched_switch: swapper/2:0 [120] R ==> containerd:1125 [120]
      containerd    1125 [002]  2375.989600: sched:sched_switch: containerd:1125 [120] S ==> swapper/2:0 [120]
        workload    4511 [003]  2376.026183: sched:sched_wakeup: multipathd:398 [89] CPU:003
        workload    4511 [003]  2376.026187: sched:sched_switch: workload:4511 [120] R ==> multipathd:398 [89]
      multipathd     398 [003]  2376.026206: sched:sched_switch: multipathd:398 [89] S ==> workload:4511 [120]
         swapper       0 [002]  2376.026212: sched:sched_wakeup: multipathd:381 [89] CPU:002
         swapper       0 [002]  2376.026216: sched:sched_switch: swapper/2:0 [120] R ==> multipathd:381 [89]
      multipathd     381 [002]  2376.026225: sched:sched_switch: multipathd:381 [89] S ==> swapper/2:0 [120]
        workload    4510 [000]  2376.030357: sched:sched_wakeup: migration/0:18 [0] CPU:000
        workload    4510 [000]  2376.030364: sched:sched_switch: workload:4510 [120] R ==> migration/0:18 [0]
     migration/0      18 [000]  2376.030367: sched:sched_switch: migration/0:18 [0] S ==> workload:4510 [120]
         swapper       0 [001]  2376.031604: sched:sched_wakeup: migration/1:23 [0] CPU:001
         swapper       0 [001]  2376.031607: sched:sched_switch: swapper/1:0 [120] R ==> migration/1:23 [0]
     migration/1      23 [001]  2376.031610: sched:sched_switch: migration/1:23 [0] S ==> swapper/1:0 [120]
        workload    4511 [003]  2376.033356: sched:sched_wakeup: migration/3:35 [0] CPU:003
        workload    4511 [003]  2376.033359: sched:sched_switch: workload:4511 [120] R ==> migration/3:35 [0]
     migration/3      35 [003]  2376.033363: sched:sched_switch: migration/3:35 [0] S ==> workload:4511 [120]
         swapper       0 [002]  2376.033895: sched:sched_wakeup: migration/2:29 [0] CPU:002
         swapper       0 [002]  2376.033898: sched:sched_switch: swapper/2:0 [120] R ==> migration/2:29 [0]
     migration/2      29 [002]  2376.033903: sched:sched_switch: migration/2:29 [0] S ==> swapper/2:0 [120]
        workload    4510 [000]  2376.045359: sched:sched_wakeup: kworker/0:1:11 [120] CPU:000
        workload    4510 [000]  2376.045361: sched:sched_switch: workload:4510 [120] R ==> kworker/0:1:11 [120]
 kworker/0:1-vir      11 [000]  2376.045366: sched:sched_switch: kworker/0:1:11 [120] I ==> workload:4510 [120]
        workload    4510 [000]  2376.111622: sched:sched_switch: workload:4510 [120] S ==> swapper/0:0 [120]
        workload    4511 [003]  2376.112508: sched:sched_switch: workload:4511 [120] S ==> swapper/3:0 [120]
         swapper       0 [003]  2376.178419: sched:sched_wakeup: kworker/u16:3:2017 [120] CPU:003
         swapper       0 [003]  2376.178427: sched:sched_switch: swapper/3:0 [120] R ==> kworker/u16:3:2017 [120]
 kworker/u16:3-e    2017 [003]  2376.178436: sched:sched_switch: kworker/u16:3:2017 [120] I ==> swapper/3:0 [120]
         swapper       0 [001]  2376.178451: sched:sched_wakeup: kworker/u16:1:1976 [120] CPU:001
         swapper       0 [001]  2376.178456: sched:sched_switch: swapper/1:0 [120] R ==> kworker/u16:1:1976 [120]
 kworker/u16:1-e    1976 [001]  2376.178467: sched:sched_switch: kworker/u16:1:1976 [120] I ==> swapper/1:0 [120]
         swapper       0 [002]  2376.207567: sched:sched_wakeup: slirp4netns:1085 [120] CPU:002
         swapper       0 [002]  2376.207582: sched:sched_switch: swapper/2:0 [120] R ==> slirp4netns:1085 [120]
     slirp4netns    1085 [002]  2376.207596: sched:sched_switch: slirp4netns:1085 [120] S ==> swapper/2:0 [120]
         swapper       0 [002]  2376.214852: sched:sched_wakeup: kcompactd0:49 [120] CPU:002
         swapper       0 [002]  2376.214860: sched:sched_switch: swapper/2:0 [120] R ==> kcompactd0:49 [120]
      kcompactd0      49 [002]  2376.214863: sched:sched_switch: kcompactd0:49 [120] S ==> swapper/2:0 [120]
         swapper       0 [000]  2376.216694: sched:sched_wakeup: workload:4510 [120] CPU:000
         swapper       0 [000]  2376.216700: sched:sched_switch: swapper/0:0 [120] R ==> workload:4510 [120]
         swapper       0 [003]  2376.217577: sched:sched_wakeup: workload:4511 [120] CPU:003
         swapper       0 [003]  2376.217592: sched:sched_switch: swapper/3:0 [120] R ==> workload:4511 [120]
         swapper       0 [002]  2376.226018: sched:sched_wakeup: containerd:1131 [120] CPU:002
         swapper       0 [002]  2376.226020: sched:sched_wakeup: containerd:1125 [120] CPU:002
         swapper       0 [002]  2376.226026: sched:sched_switch: swapper/2:0 [120] R ==> containerd:1131 [120]
      containerd    1131 [002]  2376.226051: sched:sched_switch: containerd:1131 [120] S ==> containerd:1125 [120]
      containerd    1125 [002]  2376.226058: sched:sched_switch: containerd:1125 [120] S ==> swapper/2:0 [120]
         swapper       0 [001]  2376.226063: sched:sched_wakeup: containerd:1127 [120] CPU:001
         swapper       0 [001]  2376.226069: sched:sched_switch: swapper/1:0 [120] R ==> containerd:1127 [120]
      containerd    1127 [001]  2376.226084: sched:sched_switch: containerd:1127 [120] S ==> swapper/1:0 [120]
         swapper       0 [002]  2376.226102: sched:sched_wakeup: containerd:1131 [120] CPU:002
         swapper       0 [002]  2376.226107: sched:sched_switch: swapper/2:0 [120] R ==> containerd:1131 [120]
      containerd    1131 [002]  2376.226118: sched:sched_switch: containerd:1131 [120] S ==> swapper/2:0 [120]
         swapper       0 [002]  2376.238616: sched:sched_wakeup: containerd:1125 [120] CPU:002
         swapper       0 [002]  2376.238620: sched:sched_switch: swapper/2:0 [120] R ==> containerd:1125 [120]
      containerd    1125 [002]  2376.238625: sched:sched_switch: containerd:1125 [120] S ==> swapper/2:0 [120]
         swapper       0 [002]  2376.244316: sched:sched_wakeup: containerd:1131 [120] CPU:002
         swapper       0 [002]  2376.244318: sched:sched_wakeup: containerd:1125 [120] CPU:002
         swapper       0 [002]  2376.244322: sched:sched_switch: swapper/2:0 [120] R ==> containerd:1131 [120]
         swapper       0 [001]  2376.244358: sched:sched_wakeup: containerd:1127 [120] CPU:001
         swapper       0 [001]  2376.244364: sched:sched_switch: swapper/1:0 [120] R ==> containerd:1127 [120]
      containerd    1127 [001]  2376.244386: sched:sched_wakeup: containerd:1129 [120] CPU:001
      containerd    1127 [001]  2376.244399: sched:sched_switch: containerd:1127 [120] S ==> containerd:1129 [120]
      containerd    1129 [001]  2376.244429: sched:sched_switch: containerd:1129 [120] S ==> swapper/1:0 [120]
      containerd    1131 [002]  2376.244615: sched:sched_switch: containerd:1131 [120] S ==> containerd:1125 [120]
      containerd    1125 [002]  2376.244621: sched:sched_switch: containerd:1125 [120] S ==> swapper/2:0 [120]
         swapper       0 [002]  2376.257192: sched:sched_wakeup: containerd:1125 [120] CPU:002
         swapper       0 [002]  2376.257196: sched:sched_switch: swapper/2:0 [120] R ==> containerd:1125 [120]
      containerd    1125 [002]  2376.257200: sched:sched_switch: containerd:1125 [120] S ==> swapper/2:0 [120]
         swapper       0 [001]  2376.271524: sched:sched_wakeup: perf:4509 [120] CPU:001
         swapper       0 [001]  2376.271528: sched:sched_switch: swapper/1:0 [120] R ==> perf:4509 [120]
            perf    4509 [001]  2376.271537: sched:sched_switch: perf:4509 [120] S ==> swapper/1:0 [120]
         swapper       0 [001]  2376.273722: sched:sched_wakeup: containerd:1127 [120] CPU:001
         swapper       0 [001]  2376.273725: sched:sched_switch: swapper/1:0 [120] R ==> containerd:1127 [120]
      containerd    1127 [001]  2376.273731: sched:sched_switch: containerd:1127 [120] S ==> swapper/1:0 [120]
         swapper       0 [001]  2376.275053: sched:sched_wakeup: containerd:1127 [120] CPU:001
         swapper       0 [001]  2376.275056: sched:sched_switch: swapper/1:0 [120] R ==> containerd:1127 [120]
         swapper       0 [002]  2376.275059: sched:sched_wakeup: containerd:1125 [120] CPU:002
         swapper       0 [002]  2376.275063: sched:sched_switch: swapper/2:0 [120] R ==> containerd:1125 [120]
      containerd    1127 [001]  2376.275063: sched:sched_wakeup: containerd:1131 [120] CPU:001
      containerd    1127 [001]  2376.275066: sched:sched_switch: containerd:1127 [120] S ==> containerd:1131 [120]
      containerd    1125 [002]  2376.275069: sched:sched_switch: containerd:1125 [120] S ==> swapper/2:0 [120]
      containerd    1131 [001]  2376.275069: sched:sched_wakeup: containerd:1127 [120] CPU:001
      containerd    1131 [001]  2376.275071: sched:sched_switch: containerd:1131 [120] S ==> containerd:1127 [120]
      containerd    1127 [001]  2376.275075: sched:sched_switch: containerd:1127 [120] S ==> swapper/1:0 [120]
         swapper       0 [002]  2376.287638: sched:sched_wakeup: containerd:1125 [120] CPU:002
         swapper       0 [002]  2376.287641: sched:sched_switch: swapper/2:0 [120] R ==> containerd:1125 [120]
      containerd    1125 [002]  2376.287645: sched:sched_switch: containerd:1125 [120] S ==> swapper/2:0 [120]
        workload    4510 [000]  2376.349622: sched:sched_switch: workload:4510 [120] S ==> swapper/0:0 [120]
        workload    4511 [003]  2376.350032: sched:sched_switch: workload:4511 [120] S ==> swapper/3:0 [120]
         swapper       0 [000]  2376.454725: sched:sched_wakeup: workload:4510 [120] CPU:000
         swapper       0 [000]  2376.454736: sched:sched_switch: swapper/0:0 [120] R ==> workload:4510 [120]
         swapper       0 [003]  2376.455101: sched:sched_wakeup: workload:4511 [120] CPU:003
         swapper       0 [003]  2376.455107: sched:sched_switch: swapper/3:0 [120] R ==> workload:4511 [120]
         swapper       0 [001]  2376.471392: sched:sched_wakeup: containerd:1127 [120] CPU:001
         swapper       0 [001]  2376.471397: sched:sched_switch: swapper/1:0 [120] R ==> containerd:1127 [120]
      containerd    1127 [001]  2376.471427: sched:sched_switch: containerd:1127 [120] S ==> swapper/1:0 [120]
         swapper       0 [002]  2376.471432: sched:sched_wakeup: containerd:1131 [120] CPU:002
         swapper       0 [002]  2376.471439: sched:sched_wakeup: containerd:1125 [120] CPU:002
         swapper       0 [002]  2376.471444: sched:sched_switch: swapper/2:0 [120] R ==> containerd:1131 [120]
      containerd    1131 [002]  2376.471451: sched:sched_switch: containerd:1131 [120] S ==> containerd:1125 [120]
      containerd    1125 [002]  2376.471457: sched:sched_switch: containerd:1125 [120] S ==> swapper/2:0 [120]
         swapper       0 [002]  2376.484031: sched:sched_wakeup: containerd:1125 [120] CPU:002
         swapper       0 [002]  2376.484035: sched:sched_switch: swapper/2:0 [120] R ==> containerd:1125 [120]
      containerd    1125 [002]  2376.484040: sched:sched_switch: containerd:1125 [120] S ==> swapper/2:0 [120]
        workload    4510 [000]  2376.589026: sched:sched_switch: workload:4510 [120] S ==> swapper/0:0 [120]
        workload    4511 [003]  2376.589197: sched:sched_switch: workload:4511 [120] S ==> swapper/3:0 [120]
         swapper       0 [000]  2376.689972: sched:sched_wakeup: workload:4510 [120] CPU:000
         swapper       0 [000]  2376.689978: sched:sched_switch: swapper/0:0 [120] R ==> workload:4510 [120]
        workload    4510 [000]  2376.690379: sched:sched_wakeup: kworker/0:1:11 [120] CPU:000
         swapper       0 [003]  2376.690386: sched:sched_wakeup: workload:4511 [120] CPU:003
         swapper       0 [003]  2376.690395: sched:sched_switch: swapper/3:0 [120] R ==> workload:4511 [120]
        workload    4510 [000]  2376.692366: sched:sched_switch: workload:4510 [120] R ==> kworker/0:1:11 [120]
 kworker/0:1-vir      11 [000]  2376.692371: sched:sched_switch: kworker/0:1:11 [120] I ==> workload:4510 [120]
         swapper       0 [001]  2376.716751: sched:sched_wakeup: containerd:1127 [120] CPU:001
         swapper       0 [001]  2376.716756: sched:sched_switch: swapper/1:0 [120] R ==> containerd:1127 [120]
      containerd    1127 [001]  2376.716770: sched:sched_switch: containerd:1127 [120] S ==> swapper/1:0 [120]
         swapper       0 [002]  2376.716784: sched:sched_wakeup: containerd:1131 [120] CPU:002
         swapper       0 [002]  2376.716790: sched:sched_wakeup: containerd:1125 [120] CPU:002
         swapper       0 [002]  2376.716794: sched:sched_switch: swapper/2:0 [120] R ==> containerd:1131 [120]
      containerd    1131 [002]  2376.716798: sched:sched_switch: containerd:1131 [120] S ==> containerd:1125 [120]
      containerd    1125 [002]  2376.716802: sched:sched_switch: containerd:1125 [120] S ==> swapper/2:0 [120]
         swapper       0 [002]  2376.717511: sched:sched_wakeup: kcompactd0:49 [120] CPU:002
         swapper       0 [002]  2376.717513: sched:sched_switch: swapper/2:0 [120] R ==> kcompactd0:49 [120]
      kcompactd0      49 [002]  2376.717515: sched:sched_switch: kcompactd0:49 [120] S ==> swapper/2:0 [120]
         swapper       0 [002]  2376.729196: sched:sched_wakeup: containerd:1125 [120] CPU:002
         swapper       0 [002]  2376.729200: sched:sched_switch: swapper/2:0 [120] R ==> containerd:1125 [120]
      containerd    1125 [002]  2376.729204: sched:sched_switch: containerd:1125 [120] S ==> swapper/2:0 [120]
        workload    4510 [000]  2376.749363: sched:sched_wakeup: kworker/0:1:11 [120] CPU:000
        workload    4510 [000]  2376.749363: sched:sched_switch: workload:4510 [120] R ==> kworker/0:1:11 [120]
 kworker/0:1-vir      11 [000]  2376.749365: sched:sched_switch: kworker/0:1:11 [120] I ==> workload:4510 [120]
        workload    4511 [003]  2376.750362: sched:sched_wakeup: kworker/3:2:177 [120] CPU:003
        workload    4511 [003]  2376.750363: sched:sched_switch: workload:4511 [120] R ==> kworker/3:2:177 [120]
 kworker/3:2-eve     177 [003]  2376.750366: sched:sched_switch: kworker/3:2:177 [120] I ==> workload:4511 [120]
        workload    4510 [000]  2376.822058: sched:sched_switch: workload:4510 [120] S ==> swapper/0:0 [120]
        workload    4511 [003]  2376.822236: sched:sched_switch: workload:4511 [120] S ==> swapper/3:0 [120]
         swapper       0 [000]  2376.927160: sched:sched_wakeup: workload:4510 [120] CPU:000
         swapper       0 [000]  2376.927176: sched:sched_switch: swapper/0:0 [120] R ==> workload:4510 [120]
         swapper       0 [003]  2376.927305: sched:sched_wakeup: workload:4511 [120] CPU:003
         swapper       0 [003]  2376.927311: sched:sched_switch: swapper/3:0 [120] R ==> workload:4511 [120]
        workload    4510 [000]  2376.941367: sched:sched_wakeup: kworker/0:1:11 [120] CPU:000
        workload    4511 [003]  2376.941367: sched:sched_wakeup: kworker/3:2:177 [120] CPU:003
        workload    4511 [003]  2376.941368: sched:sched_switch: workload:4511 [120] R ==> kworker/3:2:177 [120]
        workload    4510 [000]  2376.941369: sched:sched_switch: workload:4510 [120] R ==> kworker/0:1:11 [120]
 kworker/3:2-eve     177 [003]  2376.941372: sched:sched_switch: kworker/3:2:177 [120] I ==> workload:4511 [120]
 kworker/0:1-vir      11 [000]  2376.941373: sched:sched_switch: kworker/0:1:11 [120] I ==> workload:4510 [120]
         swapper       0 [001]  2376.961434: sched:sched_wakeup: containerd:1127 [120] CPU:001
         swapper       0 [001]  2376.961438: sched:sched_switch: swapper/1:0 [120] R ==> containerd:1127 [120]
      containerd    1127 [001]  2376.961444: sched:sched_switch: containerd:1127 [120] S ==> swapper/1:0 [120]
         swapper       0 [001]  2376.962768: sched:sched_wakeup: containerd:1127 [120] CPU:001
         swapper       0 [001]  2376.962773: sched:sched_switch: swapper/1:0 [120] R ==> containerd:1127 [120]
      containerd    1127 [001]  2376.962788: sched:sched_switch: containerd:1127 [120] S ==> swapper/1:0 [120]
         swapper       0 [002]  2376.962801: sched:sched_wakeup: containerd:1131 [120] CPU:002
         swapper       0 [002]  2376.962806: sched:sched_wakeup: containerd:1125 [120] CPU:002
         swapper       0 [002]  2376.962810: sched:sched_switch: swapper/2:0 [120] R ==> containerd:1131 [120]
      containerd    1131 [002]  2376.962821: sched:sched_switch: containerd:1131 [120] S ==> containerd:1125 [120]
      containerd    1125 [002]  2376.962824: sched:sched_switch: containerd:1125 [120] S ==> swapper/2:0 [120]
         swapper       0 [001]  2376.962835: sched:sched_wakeup: containerd:1127 [120] CPU:001
         swapper       0 [001]  2376.962839: sched:sched_switch: swapper/1:0 [120] R ==> containerd:1127 [120]
      containerd    1127 [001]  2376.962846: sched:sched_switch: containerd:1127 [120] S ==> swapper/1:0 [120]
         swapper       0 [002]  2376.975396: sched:sched_wakeup: containerd:1125 [120] CPU:002
         swapper       0 [002]  2376.975400: sched:sched_switch: swapper/2:0 [120] R ==> containerd:1125 [120]
      containerd    1125 [002]  2376.975403: sched:sched_switch: containerd:1125 [120] S ==> swapper/2:0 [120]
        workload    4511 [003]  2377.026214: sched:sched_wakeup: multipathd:398 [89] CPU:003
        workload    4511 [003]  2377.026216: sched:sched_switch: workload:4511 [120] R ==> multipathd:398 [89]
      multipathd     398 [003]  2377.026227: sched:sched_switch: multipathd:398 [89] S ==> workload:4511 [120]
         swapper       0 [002]  2377.026258: sched:sched_wakeup: multipathd:381 [89] CPU:002
         swapper       0 [002]  2377.026261: sched:sched_switch: swapper/2:0 [120] R ==> multipathd:381 [89]
      multipathd     381 [002]  2377.026267: sched:sched_switch: multipathd:381 [89] S ==> swapper/2:0 [120]
         swapper       0 [002]  2377.030118: sched:sched_wakeup: containerd:1125 [120] CPU:002
         swapper       0 [002]  2377.030121: sched:sched_switch: swapper/2:0 [120] R ==> containerd:1125 [120]
      containerd    1125 [002]  2377.030124: sched:sched_switch: containerd:1125 [120] S ==> swapper/2:0 [120]
         swapper       0 [001]  2377.030125: sched:sched_wakeup: containerd:1127 [120] CPU:001
         swapper       0 [001]  2377.030128: sched:sched_switch: swapper/1:0 [120] R ==> containerd:1127 [120]
         swapper       0 [002]  2377.030149: sched:sched_wakeup: containerd:1131 [120] CPU:002
         swapper       0 [002]  2377.030155: sched:sched_switch: swapper/2:0 [120] R ==> containerd:1131 [120]
      containerd    1131 [002]  2377.030162: sched:sched_switch: containerd:1131 [120] S ==> swapper/2:0 [120]
         swapper       0 [002]  2377.030242: sched:sched_wakeup: containerd:1129 [120] CPU:002
         swapper       0 [002]  2377.030246: sched:sched_switch: swapper/2:0 [120] R ==> containerd:1129 [120]
      containerd    1129 [002]  2377.030252: sched:sched_switch: containerd:1129 [120] S ==> swapper/2:0 [120]
      containerd    1127 [001]  2377.030339: sched:sched_switch: containerd:1127 [120] S ==> swapper/1:0 [120]
         swapper       0 [002]  2377.030346: sched:sched_wakeup: containerd:1129 [120] CPU:002
         swapper       0 [002]  2377.030349: sched:sched_switch: swapper/2:0 [120] R ==> containerd:1129 [120]
      containerd    1129 [002]  2377.030353: sched:sched_switch: containerd:1129 [120] S ==> swapper/2:0 [120]
         swapper       0 [002]  2377.042640: sched:sched_wakeup: containerd:1125 [120] CPU:002
         swapper       0 [002]  2377.042643: sched:sched_switch: swapper/2:0 [120] R ==> containerd:1125 [120]
      containerd    1125 [002]  2377.042646: sched:sched_switch: containerd:1125 [120] S ==> swapper/2:0 [120]
        workload    4510 [000]  2377.060964: sched:sched_switch: workload:4510 [120] S ==> swapper/0:0 [120]
        workload    4511 [003]  2377.061055: sched:sched_switch: workload:4511 [120] S ==> swapper/3:0 [120]
         swapper       0 [003]  2377.138427: sched:sched_wakeup: kworker/3:2:177 [120] CPU:003
         swapper       0 [003]  2377.138433: sched:sched_switch: swapper/3:0 [120] R ==> kworker/3:2:177 [120]
 kworker/3:2-eve     177 [003]  2377.138438: sched:sched_switch: kworker/3:2:177 [120] I ==> swapper/3:0 [120]
         swapper       0 [000]  2377.166041: sched:sched_wakeup: workload:4510 [120] CPU:000
         swapper       0 [000]  2377.166049: sched:sched_switch: swapper/0:0 [120] R ==> workload:4510 [120]
         swapper       0 [003]  2377.166125: sched:sched_wakeup: workload:4511 [120] CPU:003
         swapper       0 [003]  2377.166132: sched:sched_switch: swapper/3:0 [120] R ==> workload:4511 [120]
        workload    4511 [003]  2377.197367: sched:sched_wakeup: kworker/3:2:177 [120] CPU:003
        workload    4510 [000]  2377.198367: sched:sched_wakeup: kworker/0:1:11 [120] CPU:000
        workload    4510 [000]  2377.198368: sched:sched_switch: workload:4510 [120] R ==> kworker/0:1:11 [120]
        workload    4511 [003]  2377.198368: sched:sched_switch: workload:4511 [120] R ==> kworker/3:2:177 [120]
 kworker/3:2-eve     177 [003]  2377.198372: sched:sched_switch: kworker/3:2:177 [120] I ==> workload:4511 [120]
 kworker/0:1-vir      11 [000]  2377.198372: sched:sched_switch: kworker/0:1:11 [120] I ==> workload:4510 [120]
         swapper       0 [002]  2377.212352: sched:sched_wakeup: containerd:1131 [120] CPU:002
         swapper       0 [002]  2377.212354: sched:sched_wakeup: containerd:1125 [120] CPU:002
         swapper       0 [002]  2377.212355: sched:sched_wakeup: slirp4netns:1085 [120] CPU:002
         swapper       0 [002]  2377.212359: sched:sched_switch: swapper/2:0 [120] R ==> containerd:1131 [120]
      containerd    1131 [002]  2377.212386: sched:sched_wakeup: containerd:1129 [120] CPU:002
         swapper       0 [001]  2377.212388: sched:sched_wakeup: kworker/u16:1:1976 [120] CPU:001
         swapper       0 [001]  2377.212392: sched:sched_switch: swapper/1:0 [120] R ==> kworker/u16:1:1976 [120]
      containerd    1131 [002]  2377.212396: sched:sched_switch: containerd:1131 [120] S ==> containerd:1125 [120]
      containerd    1125 [002]  2377.212399: sched:sched_switch: containerd:1125 [120] S ==> slirp4netns:1085 [120]
     slirp4netns    1085 [002]  2377.212413: sched:sched_switch: slirp4netns:1085 [120] S ==> containerd:1129 [120]
      containerd    1129 [002]  2377.212422: sched:sched_switch: containerd:1129 [120] S ==> swapper/2:0 [120]
 kworker/u16:1-e    1976 [001]  2377.212434: sched:sched_switch: kworker/u16:1:1976 [120] I ==> swapper/1:0 [120]
         swapper       0 [002]  2377.221391: sched:sched_wakeup: kcompactd0:49 [120] CPU:002
         swapper       0 [002]  2377.221394: sched:sched_switch: swapper/2:0 [120] R ==> kcompactd0:49 [120]
      kcompactd0      49 [002]  2377.221397: sched:sched_switch: kcompactd0:49 [120] S ==> swapper/2:0 [120]
         swapper       0 [002]  2377.222722: sched:sched_wakeup: containerd:1125 [120] CPU:002
         swapper       0 [002]  2377.222725: sched:sched_switch: swapper/2:0 [120] R ==> containerd:1125 [120]
      containerd    1125 [002]  2377.222729: sched:sched_switch: containerd:1125 [120] S ==> swapper/2:0 [120]
         swapper       0 [002]  2377.246095: sched:sched_wakeup: containerd:1131 [120] CPU:002
         swapper       0 [002]  2377.246096: sched:sched_wakeup: containerd:1125 [120] CPU:002
         swapper       0 [002]  2377.246099: sched:sched_switch: swapper/2:0 [120] R ==> containerd:1131 [120]
      containerd    1131 [002]  2377.246105: sched:sched_wakeup: containerd:1129 [120] CPU:002
      containerd    1131 [002]  2377.246106: sched:sched_switch: containerd:1131 [120] R ==> containerd:1129 [120]
      containerd    1129 [002]  2377.246109: sched:sched_switch: containerd:1129 [120] S ==> containerd:1125 [120]
      containerd    1125 [002]  2377.246110: sched:sched_switch: containerd:1125 [120] S ==> containerd:1131 [120]
      containerd    1131 [002]  2377.246115: sched:sched_switch: containerd:1131 [120] S ==> swapper/2:0 [120]
         swapper       0 [002]  2377.258683: sched:sched_wakeup: containerd:1125 [120] CPU:002
         swapper       0 [002]  2377.258686: sched:sched_switch: swapper/2:0 [120] R ==> containerd:1125 [120]
      containerd    1125 [002]  2377.258690: sched:sched_switch: containerd:1125 [120] S ==> swapper/2:0 [120]
        workload    4511 [003]  2377.261365: sched:sched_wakeup: kworker/3:2:177 [120] CPU:003
        workload    4511 [003]  2377.261366: sched:sched_switch: workload:4511 [120] R ==> kworker/3:2:177 [120]
 kworker/3:2-eve     177 [003]  2377.261368: sched:sched_switch: kworker/3:2:177 [120] I ==> workload:4511 [120]
         swapper       0 [001]  2377.273090: sched:sched_wakeup: perf:4509 [120] CPU:001
         swapper       0 [001]  2377.273093: sched:sched_switch: swapper/1:0 [120] R ==> perf:4509 [120]
            perf    4509 [001]  2377.273104: sched:sched_switch: perf:4509 [120] S ==> swapper/1:0 [120]
         swapper       0 [002]  2377.276785: sched:sched_wakeup: containerd:1129 [120] CPU:002
         swapper       0 [002]  2377.276786: sched:sched_wakeup: containerd:1125 [120] CPU:002
         swapper       0 [002]  2377.276790: sched:sched_switch: swapper/2:0 [120] R ==> containerd:1129 [120]
      containerd    1129 [002]  2377.276804: sched:sched_switch: containerd:1129 [120] S ==> containerd:1125 [120]
      containerd    1125 [002]  2377.276807: sched:sched_switch: containerd:1125 [120] S ==> swapper/2:0 [120]
         swapper       0 [001]  2377.276813: sched:sched_wakeup: containerd:1131 [120] CPU:001
         swapper       0 [001]  2377.276816: sched:sched_switch: swapper/1:0 [120] R ==> containerd:1131 [120]
      containerd    1131 [001]  2377.276827: sched:sched_switch: containerd:1131 [120] S ==> swapper/1:0 [120]
         swapper       0 [002]  2377.276837: sched:sched_wakeup: containerd:1129 [120] CPU:002
         swapper       0 [002]  2377.276840: sched:sched_switch: swapper/2:0 [120] R ==> containerd:1129 [120]
      containerd    1129 [002]  2377.276846: sched:sched_switch: containerd:1129 [120] S ==> swapper/2:0 [120]
         swapper       0 [002]  2377.289375: sched:sched_wakeup: containerd:1125 [120] CPU:002
         swapper       0 [002]  2377.289380: sched:sched_switch: swapper/2:0 [120] R ==> containerd:1125 [120]
      containerd    1125 [002]  2377.289391: sched:sched_switch: containerd:1125 [120] S ==> swapper/2:0 [120]
        workload    4510 [000]  2377.297003: sched:sched_switch: workload:4510 [120] S ==> swapper/0:0 [120]
        workload    4511 [003]  2377.297039: sched:sched_switch: workload:4511 [120] S ==> swapper/3:0 [120]
         swapper       0 [003]  2377.330415: sched:sched_wakeup: kworker/3:2:177 [120] CPU:003
         swapper       0 [003]  2377.330428: sched:sched_switch: swapper/3:0 [120] R ==> kworker/3:2:177 [120]
 kworker/3:2-eve     177 [003]  2377.330438: sched:sched_switch: kworker/3:2:177 [120] I ==> swapper/3:0 [120]
         swapper       0 [000]  2377.398479: sched:sched_wakeup: workload:4510 [120] CPU:000
         swapper       0 [000]  2377.398496: sched:sched_switch: swapper/0:0 [120] R ==> workload:4510 [120]
         swapper       0 [003]  2377.400119: sched:sched_wakeup: workload:4511 [120] CPU:003
         swapper       0 [003]  2377.400128: sched:sched_switch: swapper/3:0 [120] R ==> workload:4511 [120]
         swapper       0 [002]  2377.462062: sched:sched_wakeup: containerd:1129 [120] CPU:002
         swapper       0 [002]  2377.462065: sched:sched_wakeup: containerd:1125 [120] CPU:002
         swapper       0 [002]  2377.462072: sched:sched_switch: swapper/2:0 [120] R ==> containerd:1129 [120]
      containerd    1129 [002]  2377.462113: sched:sched_switch: containerd:1129 [120] S ==> containerd:1125 [120]
         swapper       0 [001]  2377.462114: sched:sched_wakeup: containerd:1131 [120] CPU:001
         swapper       0 [001]  2377.462119: sched:sched_switch: swapper/1:0 [120] R ==> containerd:1131 [120]
      containerd    1125 [002]  2377.462121: sched:sched_switch: containerd:1125 [120] S ==> swapper/2:0 [120]
      containerd    1131 [001]  2377.462127: sched:sched_switch: containerd:1131 [120] S ==> swapper/1:0 [120]
         swapper       0 [002]  2377.474722: sched:sched_wakeup: containerd:1125 [120] CPU:002
         swapper       0 [002]  2377.474730: sched:sched_switch: swapper/2:0 [120] R ==> containerd:1125 [120]
      containerd    1125 [002]  2377.474743: sched:sched_switch: containerd:1125 [120] S ==> swapper/2:0 [120]
        workload    4510 [000]  2377.529935: sched:sched_switch: workload:4510 [120] S ==> swapper/0:0 [120]
        workload    4511 [003]  2377.530678: sched:sched_switch: workload:4511 [120] S ==> swapper/3:0 [120]
         swapper       0 [000]  2377.635048: sched:sched_wakeup: workload:4510 [120] CPU:000
         swapper       0 [000]  2377.635066: sched:sched_switch: swapper/0:0 [120] R ==> workload:4510 [120]
         swapper       0 [003]  2377.635755: sched:sched_wakeup: workload:4511 [120] CPU:003
         swapper       0 [003]  2377.635764: sched:sched_switch: swapper/3:0 [120] R ==> workload:4511 [120]
        workload    4510 [000]  2377.709371: sched:sched_wakeup: kworker/0:1:11 [120] CPU:000
        workload    4511 [003]  2377.709371: sched:sched_wakeup: kworker/3:2:177 [120] CPU:003
        workload    4510 [000]  2377.709375: sched:sched_switch: workload:4510 [120] R ==> kworker/0:1:11 [120]
 kworker/0:1-vir      11 [000]  2377.709383: sched:sched_switch: kworker/0:1:11 [120] I ==> workload:4510 [120]
        workload    4511 [003]  2377.710368: sched:sched_switch: workload:4511 [120] R ==> kworker/3:2:177 [120]
 kworker/3:2-eve     177 [003]  2377.710374: sched:sched_switch: kworker/3:2:177 [120] I ==> workload:4511 [120]
         swapper       0 [002]  2377.711395: sched:sched_wakeup: containerd:1129 [120] CPU:002
         swapper       0 [002]  2377.711398: sched:sched_wakeup: containerd:1125 [120] CPU:002
         swapper       0 [002]  2377.711402: sched:sched_switch: swapper/2:0 [120] R ==> containerd:1129 [120]
      containerd    1129 [002]  2377.711446: sched:sched_switch: containerd:1129 [120] S ==> containerd:1125 [120]
         swapper       0 [001]  2377.711447: sched:sched_wakeup: containerd:1131 [120] CPU:001
         swapper       0 [001]  2377.711452: sched:sched_switch: swapper/1:0 [120] R ==> containerd:1131 [120]
      containerd    1125 [002]  2377.711454: sched:sched_switch: containerd:1125 [120] S ==> swapper/2:0 [120]
      containerd    1131 [001]  2377.711459: sched:sched_switch: containerd:1131 [120] S ==> swapper/1:0 [120]
         swapper       0 [002]  2377.724285: sched:sched_wakeup: containerd:1125 [120] CPU:002
         swapper       0 [002]  2377.724297: sched:sched_switch: swapper/2:0 [120] R ==> containerd:1125 [120]
      containerd    1125 [002]  2377.724313: sched:sched_switch: containerd:1125 [120] S ==> swapper/2:0 [120]
         swapper       0 [002]  2377.725389: sched:sched_wakeup: kcompactd0:49 [120] CPU:002
         swapper       0 [002]  2377.725392: sched:sched_switch: swapper/2:0 [120] R ==> kcompactd0:49 [120]
      kcompactd0      49 [002]  2377.725397: sched:sched_switch: kcompactd0:49 [120] S ==> swapper/2:0 [120]
        workload    4510 [000]  2377.773391: sched:sched_wakeup: kworker/0:1:11 [120] CPU:000
        workload    4510 [000]  2377.773403: sched:sched_switch: workload:4510 [120] R ==> kworker/0:1:11 [120]
 kworker/0:1-vir      11 [000]  2377.773437: sched:sched_switch: kworker/0:1:11 [120] I ==> workload:4510 [120]
        workload    4510 [000]  2377.783359: sched:sched_switch: workload:4510 [120] S ==> swapper/0:0 [120]
        workload    4511 [003]  2377.783767: sched:sched_switch: workload:4511 [120] S ==> swapper/3:0 [120]
         swapper       0 [003]  2377.842427: sched:sched_wakeup: kworker/3:2:177 [120] CPU:003
         swapper       0 [003]  2377.842445: sched:sched_switch: swapper/3:0 [120] R ==> kworker/3:2:177 [120]
 kworker/3:2-eve     177 [003]  2377.842469: sched:sched_switch: kworker/3:2:177 [120] I ==> swapper/3:0 [120]
         swapper       0 [003]  2377.884796: sched:sched_wakeup: workload:4511 [120] CPU:003
         swapper       0 [003]  2377.884812: sched:sched_switch: swapper/3:0 [120] R ==> workload:4511 [120]
         swapper       0 [000]  2377.885428: sched:sched_wakeup: workload:4510 [120] CPU:000
         swapper       0 [000]  2377.885439: sched:sched_switch: swapper/0:0 [120] R ==> workload:4510 [120]
         swapper       0 [002]  2377.956268: sched:sched_wakeup: containerd:1129 [120] CPU:002
         swapper       0 [002]  2377.956278: sched:sched_switch: swapper/2:0 [120] R ==> containerd:1129 [120]
      containerd    1129 [002]  2377.956301: sched:sched_switch: containerd:1129 [120] S ==> swapper/2:0 [120]
         swapper       0 [002]  2377.956551: sched:sched_wakeup: containerd:1125 [120] CPU:002
         swapper       0 [002]  2377.956554: sched:sched_switch: swapper/2:0 [120] R ==> containerd:1125 [120]
      containerd    1125 [002]  2377.956561: sched:sched_switch: containerd:1125 [120] S ==> swapper/2:0 [120]
         swapper       0 [002]  2377.957554: sched:sched_wakeup: containerd:1129 [120] CPU:002
         swapper       0 [002]  2377.957557: sched:sched_switch: swapper/2:0 [120] R ==> containerd:1129 [120]
         swapper       0 [001]  2377.957596: sched:sched_wakeup: containerd:1131 [120] CPU:001
      containerd    1129 [002]  2377.957597: sched:sched_switch: containerd:1129 [120] S ==> swapper/2:0 [120]
         swapper       0 [001]  2377.957605: sched:sched_switch: swapper/1:0 [120] R ==> containerd:1131 [120]
      containerd    1131 [001]  2377.957626: sched:sched_switch: containerd:1131 [120] S ==> swapper/1:0 [120]
         swapper       0 [002]  2377.968114: sched:sched_wakeup: containerd:1125 [120] CPU:002
         swapper       0 [002]  2377.968120: sched:sched_switch: swapper/2:0 [120] R ==> containerd:1125 [120]
      containerd    1125 [002]  2377.968131: sched:sched_switch: containerd:1125 [120] S ==> swapper/2:0 [120]
        workload    4511 [003]  2378.011038: sched:sched_switch: workload:4511 [120] S ==> swapper/3:0 [120]
        workload    4510 [000]  2378.011266: sched:sched_switch: workload:4510 [120] S ==> swapper/0:0 [120]
         swapper       0 [001]  2378.019239: sched:sched_wakeup: gmain:901 [120] CPU:001
         swapper       0 [001]  2378.019250: sched:sched_switch: swapper/1:0 [120] R ==> gmain:901 [120]
         swapper       0 [000]  2378.019278: sched:sched_wakeup: gmain:853 [120] CPU:000
         swapper       0 [000]  2378.019285: sched:sched_switch: swapper/0:0 [120] R ==> gmain:853 [120]
           gmain     853 [000]  2378.019471: sched:sched_switch: gmain:853 [120] S ==> swapper/0:0 [120]
           gmain     901 [001]  2378.019501: sched:sched_switch: gmain:901 [120] S ==> swapper/1:0 [120]
         swapper       0 [000]  2378.020616: sched:sched_wakeup: rcu_preempt:15 [120] CPU:000
         swapper       0 [000]  2378.020619: sched:sched_switch: swapper/0:0 [120] R ==> rcu_preempt:15 [120]
     rcu_preempt      15 [000]  2378.020628: sched:sched_switch: rcu_preempt:15 [120] I ==> swapper/0:0 [120]
         swapper       0 [000]  2378.024596: sched:sched_wakeup: rcu_preempt:15 [120] CPU:000
         swapper       0 [000]  2378.024600: sched:sched_switch: swapper/0:0 [120] R ==> rcu_preempt:15 [120]
     rcu_preempt      15 [000]  2378.024603: sched:sched_switch: rcu_preempt:15 [120] I ==> swapper/0:0 [120]
         swapper       0 [000]  2378.028591: sched:sched_wakeup: rcu_preempt:15 [120] CPU:000
         swapper       0 [000]  2378.028594: sched:sched_switch: swapper/0:0 [120] R ==> rcu_preempt:15 [120]
     rcu_preempt      15 [000]  2378.028597: sched:sched_switch: rcu_preempt:15 [120] I ==> swapper/0:0 [120]
         swapper       0 [003]  2378.030045: sched:sched_wakeup: multipathd:398 [89] CPU:003
         swapper       0 [003]  2378.030051: sched:sched_switch: swapper/3:0 [120] R ==> multipathd:398 [89]
      multipathd     398 [003]  2378.030081: sched:sched_switch: multipathd:398 [89] S ==> swapper/3:0 [120]
         swapper       0 [002]  2378.030084: sched:sched_wakeup: multipathd:381 [89] CPU:002
         swapper       0 [002]  2378.030090: sched:sched_switch: swapper/2:0 [120] R ==> multipathd:381 [89]
      multipathd     381 [002]  2378.030098: sched:sched_switch: multipathd:381 [89] S ==> swapper/2:0 [120]
         swapper       0 [000]  2378.034443: sched:sched_wakeup: kworker/0:1:11 [120] CPU:000
         swapper       0 [000]  2378.034450: sched:sched_switch: swapper/0:0 [120] R ==> kworker/0:1:11 [120]
 kworker/0:1-vir      11 [000]  2378.034470: sched:sched_switch: kworker/0:1:11 [120] I ==> swapper/0:0 [120]
         swapper       0 [002]  2378.034486: sched:sched_wakeup: sshd-session:1551 [120] CPU:002
         swapper       0 [002]  2378.034491: sched:sched_switch: swapper/2:0 [120] R ==> sshd-session:1551 [120]
         swapper       0 [000]  2378.034574: sched:sched_wakeup: kworker/0:1:11 [120] CPU:000
         swapper       0 [000]  2378.034578: sched:sched_switch: swapper/0:0 [120] R ==> kworker/0:1:11 [120]
 kworker/0:1-vir      11 [000]  2378.034582: sched:sched_switch: kworker/0:1:11 [120] I ==> swapper/0:0 [120]
         swapper       0 [001]  2378.034592: sched:sched_wakeup: kworker/u16:1:1976 [120] CPU:001
         swapper       0 [001]  2378.034597: sched:sched_switch: swapper/1:0 [120] R ==> kworker/u16:1:1976 [120]
    sshd-session    1551 [002]  2378.034599: sched:sched_switch: sshd-session:1551 [120] S ==> swapper/2:0 [120]
 kworker/u16:1-e    1976 [001]  2378.034611: sched:sched_switch: kworker/u16:1:1976 [120] I ==> swapper/1:0 [120]
         swapper       0 [002]  2378.034623: sched:sched_wakeup: bash:1977 [120] CPU:002
         swapper       0 [002]  2378.034626: sched:sched_switch: swapper/2:0 [120] R ==> bash:1977 [120]
            bash    1977 [002]  2378.034923: sched:sched_switch: bash:1977 [120] S ==> swapper/2:0 [120]
         swapper       0 [001]  2378.034927: sched:sched_wakeup: kworker/u16:1:1976 [120] CPU:001
         swapper       0 [001]  2378.034930: sched:sched_switch: swapper/1:0 [120] R ==> kworker/u16:1:1976 [120]
 kworker/u16:1-e    1976 [001]  2378.034942: sched:sched_switch: kworker/u16:1:1976 [120] I ==> swapper/1:0 [120]
         swapper       0 [002]  2378.034954: sched:sched_wakeup: sshd-session:1551 [120] CPU:002
         swapper       0 [002]  2378.034957: sched:sched_switch: swapper/2:0 [120] R ==> sshd-session:1551 [120]
    sshd-session    1551 [002]  2378.034989: sched:sched_switch: sshd-session:1551 [120] S ==> swapper/2:0 [120]
         swapper       0 [000]  2378.035018: sched:sched_wakeup: kworker/0:1:11 [120] CPU:000
         swapper       0 [000]  2378.035021: sched:sched_switch: swapper/0:0 [120] R ==> kworker/0:1:11 [120]
 kworker/0:1-vir      11 [000]  2378.035029: sched:sched_switch: kworker/0:1:11 [120] I ==> swapper/0:0 [120]
         swapper       0 [003]  2378.116139: sched:sched_wakeup: workload:4511 [120] CPU:003
         swapper       0 [003]  2378.116154: sched:sched_switch: swapper/3:0 [120] R ==> workload:4511 [120]
             :-1      -1 [003]  2378.116328: sched:sched_switch: workload:4511 [120] X ==> swapper/3:0 [120]
         swapper       0 [000]  2378.116341: sched:sched_wakeup: workload:4510 [120] CPU:000
         swapper       0 [000]  2378.116351: sched:sched_switch: swapper/0:0 [120] R ==> workload:4510 [120]
         swapper       0 [003]  2378.116396: sched:sched_wakeup: rcu_preempt:15 [120] CPU:003
         swapper       0 [003]  2378.116397: sched:sched_switch: swapper/3:0 [120] R ==> rcu_preempt:15 [120]
     rcu_preempt      15 [003]  2378.116403: sched:sched_switch: rcu_preempt:15 [120] I ==> swapper/3:0 [120]
         swapper       0 [001]  2378.116413: sched:sched_wakeup: workload:4508 [120] CPU:001
             :-1      -1 [000]  2378.116413: sched:sched_switch: workload:4510 [120] X ==> swapper/0:0 [120]
         swapper       0 [001]  2378.116421: sched:sched_switch: swapper/1:0 [120] R ==> workload:4508 [120]
         swapper       0 [003]  2378.116472: sched:sched_wakeup: kworker/u16:1:1976 [120] CPU:003
         swapper       0 [003]  2378.116476: sched:sched_switch: swapper/3:0 [120] R ==> kworker/u16:1:1976 [120]
 kworker/u16:1-e    1976 [003]  2378.116492: sched:sched_switch: kworker/u16:1:1976 [120] I ==> swapper/3:0 [120]
         swapper       0 [002]  2378.116515: sched:sched_wakeup: sudo:4504 [120] CPU:002
         swapper       0 [002]  2378.116525: sched:sched_switch: swapper/2:0 [120] R ==> sudo:4504 [120]
           :4508    4508 [001]  2378.116584: sched:sched_switch: workload:4508 [120] Z ==> swapper/1:0 [120]
            sudo    4504 [002]  2378.116592: sched:sched_switch: sudo:4504 [120] S ==> swapper/2:0 [120]
         swapper       0 [003]  2378.116598: sched:sched_wakeup: perf:4507 [120] CPU:003
         swapper       0 [000]  2378.116601: sched:sched_wakeup: kworker/u16:1:1976 [120] CPU:000
         swapper       0 [003]  2378.116603: sched:sched_switch: swapper/3:0 [120] R ==> perf:4507 [120]
         swapper       0 [000]  2378.116606: sched:sched_switch: swapper/0:0 [120] R ==> kworker/u16:1:1976 [120]
 kworker/u16:1-e    1976 [000]  2378.116618: sched:sched_switch: kworker/u16:1:1976 [120] I ==> swapper/0:0 [120]
         swapper       0 [002]  2378.116636: sched:sched_wakeup: sshd-session:1551 [120] CPU:002
         swapper       0 [002]  2378.116642: sched:sched_switch: swapper/2:0 [120] R ==> sshd-session:1551 [120]
            perf    4507 [003]  2378.116656: sched:sched_wakeup: migration/3:35 [0] CPU:003
            perf    4507 [003]  2378.116657: sched:sched_switch: perf:4507 [120] R ==> migration/3:35 [0]
     migration/3      35 [003]  2378.116673: sched:sched_switch: migration/3:35 [0] S ==> swapper/3:0 [120]
         swapper       0 [000]  2378.116692: sched:sched_switch: swapper/0:0 [120] R ==> perf:4507 [120]
    sshd-session    1551 [002]  2378.116725: sched:sched_switch: sshd-session:1551 [120] S ==> swapper/2:0 [120]
         swapper       0 [001]  2378.116743: sched:sched_switch: swapper/1:0 [120] R ==> perf:4507 [120]
         swapper       0 [002]  2378.116796: sched:sched_switch: swapper/2:0 [120] R ==> perf:4507 [120]
         swapper       0 [003]  2378.116838: sched:sched_switch: swapper/3:0 [120] R ==> perf:4507 [120]
