9234007453332 11181 1
9234008041329 11183 1
9234136126875 0 1
9234136173625 0 1
9234316521867 393 0
9234316536908 393 1
9234377879926 0 1
9234377897759 0 1
9234592009013 2295 0
9234593005674 2295 1
9234602383994 0 1
9234602399078 0 1
9234733037192 2295 1
9234734014936 2797 1
9234785004973 2295 0
9234785015640 2295 1
9234840660691 0 1
9234840826565 0 1
9234976027278 2797 0
9234976042528 2797 1
9235079347968 0 1
9235079442342 0 1
9235316313130 0 1
9235317372666 0 1
9235556051860 0 1
9235556541065 0 1
9235744008141 2295 0
9235745004927 2295 1
9235745008635 2797 0
9235745009552 2797 1
9235794624804 0 1
9235794835220 0 1
9236000006442 2295 0
9236000006692 2797 0
9236000007442 2797 1
9236000015567 2295 1
9236016005391 23 0
9236016014807 23 1
9236017004510 35 0
9236017014760 35 1
9236033081416 0 1
9236033274832 0 1
9236271713569 0 1
9236271816193 0 1
9236384016832 2295 0
9236384036374 2295 1
9236513121331 0 1
9236513272080 0 1
9236641025294 2797 0
9236641042753 2797 1
9236705006672 2797 0
9236705014464 2797 1
9236750757364 0 1
9236750956613 0 1
9236896021018 2295 0
9236896030518 2295 1
9236960004938 2797 0
9236960013313 2797 1
9236988172982 0 1
9236988422606 0 1
9237152006945 2295 0
9237153005648 2295 1
9237227643546 0 1
9237228331167 0 1
9237461895766 0 1
9237463797297 0 1
9237694740203 0 1
9237697686644 0 1
9237933732478 0 1
9237935225511 0 1
9238171138388 0 1
9238171259470 0 1
9238326998064 393 0
9238327020022 393 1
9238368011867 2295 0
9238368025783 2295 1
9238411900486 0 1
9238411991528 0 1
9238624009418 2797 0
9238625006371 2295 0
9238625006663 2797 1
9238625016079 2295 1
9238638860915 0 1
9238639022498 0 1
9238744103803 0 1
9238744134511 0 1
9238744172677 0 1
9238744320093 0 1
